Component: ARM Compiler 5.05 update 1 (build 106) Tool: armlink [4d0efa]

==============================================================================

Section Cross References

    hardware_config.o(i.GPIO_Board_Config) refers to stm32f10x_rcc.o(i.RCC_APB2PeriphClockCmd) for RCC_APB2PeriphClockCmd
    hardware_config.o(i.GPIO_Board_Config) refers to stm32f10x_gpio.o(i.GPIO_Init) for GPIO_Init
    hardware_config.o(i.GPIO_Board_Config) refers to stm32f10x_gpio.o(i.GPIO_WriteBit) for GPIO_WriteBit
    hardware_config.o(i.Relay_GetState) refers to stm32f10x_gpio.o(i.GPIO_ReadOutputDataBit) for GPIO_ReadOutputDataBit
    hardware_config.o(i.Relay_SetState) refers to stm32f10x_gpio.o(i.GPIO_WriteBit) for GPIO_WriteBit
    hardware_config.o(i.USART1_Debug_Config) refers to stm32f10x_rcc.o(i.RCC_APB2PeriphClockCmd) for RCC_APB2PeriphClockCmd
    hardware_config.o(i.USART1_Debug_Config) refers to stm32f10x_gpio.o(i.GPIO_Init) for GPIO_Init
    hardware_config.o(i.USART1_Debug_Config) refers to stm32f10x_usart.o(i.USART_Init) for USART_Init
    hardware_config.o(i.USART1_Debug_Config) refers to stm32f10x_usart.o(i.USART_ClearFlag) for USART_ClearFlag
    hardware_config.o(i.USART1_Debug_Config) refers to stm32f10x_usart.o(i.USART_ITConfig) for USART_ITConfig
    hardware_config.o(i.USART1_Debug_Config) refers to stm32f10x_usart.o(i.USART_Cmd) for USART_Cmd
    hardware_config.o(i.USART1_Debug_Config) refers to misc.o(i.NVIC_PriorityGroupConfig) for NVIC_PriorityGroupConfig
    hardware_config.o(i.USART1_Debug_Config) refers to misc.o(i.NVIC_Init) for NVIC_Init
    hardware_config.o(i.USART2_GSM_Config) refers to stm32f10x_rcc.o(i.RCC_APB2PeriphClockCmd) for RCC_APB2PeriphClockCmd
    hardware_config.o(i.USART2_GSM_Config) refers to stm32f10x_rcc.o(i.RCC_APB1PeriphClockCmd) for RCC_APB1PeriphClockCmd
    hardware_config.o(i.USART2_GSM_Config) refers to stm32f10x_gpio.o(i.GPIO_Init) for GPIO_Init
    hardware_config.o(i.USART2_GSM_Config) refers to stm32f10x_usart.o(i.USART_Init) for USART_Init
    hardware_config.o(i.USART2_GSM_Config) refers to stm32f10x_usart.o(i.USART_ClearFlag) for USART_ClearFlag
    hardware_config.o(i.USART2_GSM_Config) refers to stm32f10x_usart.o(i.USART_ITConfig) for USART_ITConfig
    hardware_config.o(i.USART2_GSM_Config) refers to stm32f10x_usart.o(i.USART_Cmd) for USART_Cmd
    hardware_config.o(i.USART2_GSM_Config) refers to misc.o(i.NVIC_PriorityGroupConfig) for NVIC_PriorityGroupConfig
    hardware_config.o(i.USART2_GSM_Config) refers to misc.o(i.NVIC_Init) for NVIC_Init
    main.o(i.Backup_SYS_Password) refers to stm32f10x_flash.o(i.FLASH_UnlockBank1) for FLASH_UnlockBank1
    main.o(i.Backup_SYS_Password) refers to stm32f10x_flash.o(i.FLASH_ProgramWord) for FLASH_ProgramWord
    main.o(i.Backup_SYS_Password) refers to main.o(i.SYS_Buff_Clear) for SYS_Buff_Clear
    main.o(i.Backup_SYS_Password) refers to printf3.o(i.__0printf$3) for __2printf
    main.o(i.Backup_SYS_Password) refers to main.o(.data) for SYS_Password
    main.o(i.Backup_SYS_Password) refers to main.o(.bss) for SYS_Buff
    main.o(i.Backup_SYS_Phone) refers to stm32f10x_flash.o(i.FLASH_UnlockBank1) for FLASH_UnlockBank1
    main.o(i.Backup_SYS_Phone) refers to stm32f10x_flash.o(i.FLASH_ProgramWord) for FLASH_ProgramWord
    main.o(i.Backup_SYS_Phone) refers to main.o(i.SYS_Buff_Clear) for SYS_Buff_Clear
    main.o(i.Backup_SYS_Phone) refers to printf3.o(i.__0printf$3) for __2printf
    main.o(i.Backup_SYS_Phone) refers to main.o(.data) for SYS_Phonenum
    main.o(i.Backup_SYS_Phone) refers to main.o(.bss) for SYS_Buff
    main.o(i.Backup_SYS_Temp_Humi) refers to stm32f10x_flash.o(i.FLASH_UnlockBank1) for FLASH_UnlockBank1
    main.o(i.Backup_SYS_Temp_Humi) refers to main.o(i.SYS_Buff_Clear) for SYS_Buff_Clear
    main.o(i.Backup_SYS_Temp_Humi) refers to stm32f10x_flash.o(i.FLASH_ProgramWord) for FLASH_ProgramWord
    main.o(i.Backup_SYS_Temp_Humi) refers to printf3.o(i.__0printf$3) for __2printf
    main.o(i.Backup_SYS_Temp_Humi) refers to main.o(.data) for SYS_Temperature
    main.o(i.Backup_SYS_Temp_Humi) refers to main.o(.bss) for SYS_Buff
    main.o(i.Backup_System) refers to stm32f10x_flash.o(i.FLASH_UnlockBank1) for FLASH_UnlockBank1
    main.o(i.Backup_System) refers to stm32f10x_flash.o(i.FLASH_ErasePage) for FLASH_ErasePage
    main.o(i.Backup_System) refers to main.o(i.Backup_SYS_Password) for Backup_SYS_Password
    main.o(i.Backup_System) refers to main.o(i.Backup_SYS_Phone) for Backup_SYS_Phone
    main.o(i.Backup_System) refers to main.o(i.Backup_SYS_Temp_Humi) for Backup_SYS_Temp_Humi
    main.o(i.Backup_System) refers to stm32f10x_flash.o(i.FLASH_LockBank1) for FLASH_LockBank1
    main.o(i.Call_Process) refers to sim_m95_dv.o(i.DV_SIM_AT_Cmd) for DV_SIM_AT_Cmd
    main.o(i.Call_Process) refers to sim_m95_dv.o(i.str_find_first_location) for str_find_first_location
    main.o(i.Call_Process) refers to hardware_config.o(i.Relay_GetState) for Relay_GetState
[...]
    printfa.o(i._printf_core) refers to uldiv.o(.text) for __aeabi_uldivmod
    printfa.o(i._printf_core) refers to printfa.o(i._printf_post_padding) for _printf_post_padding
    printfa.o(i._printf_core) refers to printfa.o(i._fp_digits) for _fp_digits
    printfa.o(i._printf_core) refers to uidiv.o(.text) for __aeabi_uidivmod
    printfa.o(i._printf_post_padding) refers (Special) to iusefp.o(.text) for __I$use$fp
    printfa.o(i._printf_pre_padding) refers (Special) to iusefp.o(.text) for __I$use$fp
    printfa.o(i._snputc) refers (Special) to iusefp.o(.text) for __I$use$fp
    printfa.o(i._sputc) refers (Special) to iusefp.o(.text) for __I$use$fp
    entry2.o(.ARM.Collect$$$$00000001) refers to entry2.o(.ARM.Collect$$$$00002712) for __lit__00000000
    entry2.o(.ARM.Collect$$$$00002712) refers to startup_stm32f10x_md.o(STACK) for __initial_sp
    entry2.o(__vectab_stack_and_reset_area) refers to startup_stm32f10x_md.o(STACK) for __initial_sp
    entry2.o(__vectab_stack_and_reset_area) refers to entry.o(.ARM.Collect$$$$00000000) for __main
    entry5.o(.ARM.Collect$$$$00000004) refers to init.o(.text) for __scatterload
    entry9a.o(.ARM.Collect$$$$0000000B) refers to main.o(i.main) for main
    entry9b.o(.ARM.Collect$$$$0000000C) refers to main.o(i.main) for main
    uldiv.o(.text) refers to llushr.o(.text) for __aeabi_llsr
    uldiv.o(.text) refers to llshl.o(.text) for __aeabi_llsl
    dadd.o(.text) refers to llshl.o(.text) for __aeabi_llsl
    dadd.o(.text) refers to llsshr.o(.text) for __aeabi_lasr
    dadd.o(.text) refers to depilogue.o(.text) for _double_epilogue
    dmul.o(.text) refers to depilogue.o(.text) for _double_epilogue
    ddiv.o(.text) refers to depilogue.o(.text) for _double_round
    dfixul.o(.text) refers to llushr.o(.text) for __aeabi_llsr
    dfixul.o(.text) refers to llshl.o(.text) for __aeabi_llsl
    init.o(.text) refers to entry5.o(.ARM.Collect$$$$00000004) for __main_after_scatterload
    depilogue.o(.text) refers to llshl.o(.text) for __aeabi_llsl
    depilogue.o(.text) refers to llushr.o(.text) for __aeabi_llsr


==============================================================================

Removing Unused input sections from the image.

    Removing hardware_config.o(i.USART2_GSM_Config), (204 bytes).
    Removing core_cm3.o(.emb_text), (32 bytes).
    Removing system_stm32f10x.o(i.SystemCoreClockUpdate), (164 bytes).
    Removing system_stm32f10x.o(.data), (20 bytes).
    Removing misc.o(i.NVIC_SetVectorTable), (20 bytes).
    Removing misc.o(i.NVIC_SystemLPConfig), (32 bytes).
    Removing misc.o(i.SysTick_CLKSourceConfig), (40 bytes).
    Removing stm32f10x_gpio.o(i.GPIO_AFIODeInit), (20 bytes).
    Removing stm32f10x_gpio.o(i.GPIO_DeInit), (200 bytes).
    Removing stm32f10x_gpio.o(i.GPIO_ETH_MediaInterfaceConfig), (12 bytes).
    Removing stm32f10x_gpio.o(i.GPIO_EXTILineConfig), (64 bytes).
    Removing stm32f10x_gpio.o(i.GPIO_EventOutputCmd), (12 bytes).
    Removing stm32f10x_gpio.o(i.GPIO_EventOutputConfig), (32 bytes).
    Removing stm32f10x_gpio.o(i.GPIO_PinLockConfig), (18 bytes).
    Removing stm32f10x_gpio.o(i.GPIO_ReadInputData), (8 bytes).
    Removing stm32f10x_gpio.o(i.GPIO_ReadOutputData), (8 bytes).
    Removing stm32f10x_gpio.o(i.GPIO_StructInit), (16 bytes).
    Removing stm32f10x_gpio.o(i.GPIO_Write), (4 bytes).
    Removing stm32f10x_rcc.o(i.RCC_ADCCLKConfig), (24 bytes).
    Removing stm32f10x_rcc.o(i.RCC_AHBPeriphClockCmd), (32 bytes).
    Removing stm32f10x_rcc.o(i.RCC_APB1PeriphResetCmd), (32 bytes).
    Removing stm32f10x_rcc.o(i.RCC_APB2PeriphResetCmd), (32 bytes).
    Removing stm32f10x_rcc.o(i.RCC_AdjustHSICalibrationValue), (24 bytes).
    Removing stm32f10x_rcc.o(i.RCC_BackupResetCmd), (12 bytes).
    Removing stm32f10x_rcc.o(i.RCC_ClearFlag), (20 bytes).
    Removing stm32f10x_rcc.o(i.RCC_ClearITPendingBit), (12 bytes).
    Removing stm32f10x_rcc.o(i.RCC_ClockSecuritySystemCmd), (12 bytes).
    Removing stm32f10x_rcc.o(i.RCC_DeInit), (76 bytes).
    Removing stm32f10x_rcc.o(i.RCC_GetFlagStatus), (60 bytes).
    Removing stm32f10x_rcc.o(i.RCC_GetITStatus), (24 bytes).
    Removing stm32f10x_rcc.o(i.RCC_GetSYSCLKSource), (16 bytes).
    Removing stm32f10x_rcc.o(i.RCC_HCLKConfig), (24 bytes).
    Removing stm32f10x_rcc.o(i.RCC_HSEConfig), (76 bytes).
    Removing stm32f10x_rcc.o(i.RCC_HSICmd), (12 bytes).
    Removing stm32f10x_rcc.o(i.RCC_ITConfig), (32 bytes).
    Removing stm32f10x_rcc.o(i.RCC_LSEConfig), (52 bytes).
    Removing stm32f10x_rcc.o(i.RCC_LSICmd), (12 bytes).
    Removing stm32f10x_rcc.o(i.RCC_MCOConfig), (12 bytes).
    Removing stm32f10x_rcc.o(i.RCC_PCLK1Config), (24 bytes).
    Removing stm32f10x_rcc.o(i.RCC_PCLK2Config), (24 bytes).
    Removing stm32f10x_rcc.o(i.RCC_PLLCmd), (12 bytes).
    Removing stm32f10x_rcc.o(i.RCC_PLLConfig), (28 bytes).
    Removing stm32f10x_rcc.o(i.RCC_RTCCLKCmd), (12 bytes).
    Removing stm32f10x_rcc.o(i.RCC_RTCCLKConfig), (16 bytes).
    Removing stm32f10x_rcc.o(i.RCC_SYSCLKConfig), (24 bytes).
    Removing stm32f10x_rcc.o(i.RCC_USBCLKConfig), (12 bytes).
    Removing stm32f10x_rcc.o(i.RCC_WaitForHSEStartUp), (56 bytes).
    Removing stm32f10x_adc.o(i.ADC_AnalogWatchdogCmd), (20 bytes).
    Removing stm32f10x_adc.o(i.ADC_AnalogWatchdogSingleChannelConfig), (16 bytes).
    Removing stm32f10x_adc.o(i.ADC_AnalogWatchdogThresholdsConfig), (6 bytes).
    Removing stm32f10x_adc.o(i.ADC_AutoInjectedConvCmd), (22 bytes).
    Removing stm32f10x_adc.o(i.ADC_ClearFlag), (6 bytes).
    Removing stm32f10x_adc.o(i.ADC_ClearITPendingBit), (10 bytes).
    Removing stm32f10x_adc.o(i.ADC_Cmd), (22 bytes).
    Removing stm32f10x_adc.o(i.ADC_DMACmd), (22 bytes).
    Removing stm32f10x_adc.o(i.ADC_DeInit), (92 bytes).
    Removing stm32f10x_adc.o(i.ADC_DiscModeChannelCountConfig), (24 bytes).
    Removing stm32f10x_adc.o(i.ADC_DiscModeCmd), (22 bytes).
    Removing stm32f10x_adc.o(i.ADC_ExternalTrigConvCmd), (22 bytes).
    Removing stm32f10x_adc.o(i.ADC_ExternalTrigInjectedConvCmd), (22 bytes).
    Removing stm32f10x_adc.o(i.ADC_ExternalTrigInjectedConvConfig), (16 bytes).
    Removing stm32f10x_adc.o(i.ADC_GetCalibrationStatus), (20 bytes).
    Removing stm32f10x_adc.o(i.ADC_GetConversionValue), (8 bytes).
    Removing stm32f10x_adc.o(i.ADC_GetDualModeConversionValue), (12 bytes).
    Removing stm32f10x_adc.o(i.ADC_GetFlagStatus), (18 bytes).
    Removing stm32f10x_adc.o(i.ADC_GetITStatus), (36 bytes).
    Removing stm32f10x_adc.o(i.ADC_GetInjectedConversionValue), (28 bytes).
    Removing stm32f10x_adc.o(i.ADC_GetResetCalibrationStatus), (20 bytes).
    Removing stm32f10x_adc.o(i.ADC_GetSoftwareStartConvStatus), (20 bytes).
    Removing stm32f10x_adc.o(i.ADC_GetSoftwareStartInjectedConvCmdStatus), (20 bytes).
    Removing stm32f10x_adc.o(i.ADC_ITConfig), (24 bytes).
    Removing stm32f10x_adc.o(i.ADC_Init), (80 bytes).
    Removing stm32f10x_adc.o(i.ADC_InjectedChannelConfig), (130 bytes).
    Removing stm32f10x_adc.o(i.ADC_InjectedDiscModeCmd), (22 bytes).
    Removing stm32f10x_adc.o(i.ADC_InjectedSequencerLengthConfig), (24 bytes).
    Removing stm32f10x_adc.o(i.ADC_RegularChannelConfig), (184 bytes).
    Removing stm32f10x_adc.o(i.ADC_ResetCalibration), (10 bytes).
    Removing stm32f10x_adc.o(i.ADC_SetInjectedOffset), (20 bytes).
    Removing stm32f10x_adc.o(i.ADC_SoftwareStartConvCmd), (22 bytes).
    Removing stm32f10x_adc.o(i.ADC_SoftwareStartInjectedConvCmd), (22 bytes).
    Removing stm32f10x_adc.o(i.ADC_StartCalibration), (10 bytes).
    Removing stm32f10x_adc.o(i.ADC_StructInit), (18 bytes).
    Removing stm32f10x_adc.o(i.ADC_TempSensorVrefintCmd), (36 bytes).
    Removing stm32f10x_bkp.o(i.BKP_ClearFlag), (20 bytes).
    Removing stm32f10x_bkp.o(i.BKP_ClearITPendingBit), (20 bytes).
    Removing stm32f10x_bkp.o(i.BKP_DeInit), (16 bytes).
    Removing stm32f10x_bkp.o(i.BKP_GetFlagStatus), (12 bytes).
    Removing stm32f10x_bkp.o(i.BKP_GetITStatus), (12 bytes).
    Removing stm32f10x_bkp.o(i.BKP_ITConfig), (12 bytes).
    Removing stm32f10x_bkp.o(i.BKP_RTCOutputConfig), (28 bytes).
    Removing stm32f10x_bkp.o(i.BKP_ReadBackupRegister), (28 bytes).
    Removing stm32f10x_bkp.o(i.BKP_SetRTCCalibrationValue), (28 bytes).
    Removing stm32f10x_bkp.o(i.BKP_TamperPinCmd), (12 bytes).
    Removing stm32f10x_bkp.o(i.BKP_TamperPinLevelConfig), (12 bytes).
    Removing stm32f10x_bkp.o(i.BKP_WriteBackupRegister), (28 bytes).
    Removing stm32f10x_can.o(i.CAN_CancelTransmit), (48 bytes).
    Removing stm32f10x_can.o(i.CAN_ClearFlag), (56 bytes).
    Removing stm32f10x_can.o(i.CAN_ClearITPendingBit), (168 bytes).
    Removing stm32f10x_can.o(i.CAN_DBGFreeze), (22 bytes).
    Removing stm32f10x_can.o(i.CAN_DeInit), (56 bytes).
    Removing stm32f10x_can.o(i.CAN_FIFORelease), (22 bytes).
    Removing stm32f10x_can.o(i.CAN_FilterInit), (264 bytes).
    Removing stm32f10x_can.o(i.CAN_GetFlagStatus), (120 bytes).
    Removing stm32f10x_can.o(i.CAN_GetITStatus), (288 bytes).
    Removing stm32f10x_can.o(i.CAN_GetLSBTransmitErrorCounter), (12 bytes).
    Removing stm32f10x_can.o(i.CAN_GetLastErrorCode), (12 bytes).
    Removing stm32f10x_can.o(i.CAN_GetReceiveErrorCounter), (10 bytes).
    Removing stm32f10x_can.o(i.CAN_ITConfig), (18 bytes).
    Removing stm32f10x_can.o(i.CAN_Init), (276 bytes).
    Removing stm32f10x_can.o(i.CAN_MessagePending), (30 bytes).
    Removing stm32f10x_can.o(i.CAN_OperatingModeRequest), (162 bytes).
    Removing stm32f10x_can.o(i.CAN_Receive), (240 bytes).
    Removing stm32f10x_can.o(i.CAN_SlaveStartBank), (52 bytes).
    Removing stm32f10x_can.o(i.CAN_Sleep), (30 bytes).
    Removing stm32f10x_can.o(i.CAN_StructInit), (32 bytes).
    Removing stm32f10x_can.o(i.CAN_TTComModeCmd), (118 bytes).
    Removing stm32f10x_can.o(i.CAN_Transmit), (294 bytes).
    Removing stm32f10x_can.o(i.CAN_TransmitStatus), (160 bytes).
    Removing stm32f10x_can.o(i.CAN_WakeUp), (48 bytes).
    Removing stm32f10x_can.o(i.CheckITStatus), (18 bytes).
    Removing stm32f10x_cec.o(i.CEC_ClearFlag), (36 bytes).
    Removing stm32f10x_cec.o(i.CEC_ClearITPendingBit), (36 bytes).
    Removing stm32f10x_cec.o(i.CEC_Cmd), (32 bytes).
    Removing stm32f10x_cec.o(i.CEC_DeInit), (22 bytes).
    Removing stm32f10x_cec.o(i.CEC_EndOfMessageCmd), (12 bytes).
    Removing stm32f10x_cec.o(i.CEC_GetFlagStatus), (48 bytes).
    Removing stm32f10x_cec.o(i.CEC_GetITStatus), (40 bytes).
    Removing stm32f10x_cec.o(i.CEC_ITConfig), (12 bytes).
    Removing stm32f10x_cec.o(i.CEC_Init), (32 bytes).
    Removing stm32f10x_cec.o(i.CEC_OwnAddressConfig), (12 bytes).
    Removing stm32f10x_cec.o(i.CEC_ReceiveDataByte), (12 bytes).
    Removing stm32f10x_cec.o(i.CEC_SendDataByte), (12 bytes).
    Removing stm32f10x_cec.o(i.CEC_SetPrescaler), (12 bytes).
    Removing stm32f10x_cec.o(i.CEC_StartOfMessage), (12 bytes).
    Removing stm32f10x_crc.o(i.CRC_CalcBlockCRC), (36 bytes).
    Removing stm32f10x_crc.o(i.CRC_CalcCRC), (16 bytes).
    Removing stm32f10x_crc.o(i.CRC_GetCRC), (12 bytes).
    Removing stm32f10x_crc.o(i.CRC_GetIDRegister), (12 bytes).
    Removing stm32f10x_crc.o(i.CRC_ResetDR), (12 bytes).
    Removing stm32f10x_crc.o(i.CRC_SetIDRegister), (12 bytes).
    Removing stm32f10x_dac.o(i.DAC_Cmd), (40 bytes).
    Removing stm32f10x_dac.o(i.DAC_DMACmd), (44 bytes).
    Removing stm32f10x_dac.o(i.DAC_DeInit), (22 bytes).
    Removing stm32f10x_dac.o(i.DAC_DualSoftwareTriggerCmd), (36 bytes).
    Removing stm32f10x_dac.o(i.DAC_GetDataOutputValue), (36 bytes).
    Removing stm32f10x_dac.o(i.DAC_Init), (52 bytes).
    Removing stm32f10x_dac.o(i.DAC_SetChannel1Data), (32 bytes).
    Removing stm32f10x_dac.o(i.DAC_SetChannel2Data), (32 bytes).
    Removing stm32f10x_dac.o(i.DAC_SetDualChannelData), (36 bytes).
    Removing stm32f10x_dac.o(i.DAC_SoftwareTriggerCmd), (44 bytes).
    Removing stm32f10x_dac.o(i.DAC_StructInit), (12 bytes).
    Removing stm32f10x_dac.o(i.DAC_WaveGenerationCmd), (40 bytes).
    Removing stm32f10x_dbgmcu.o(i.DBGMCU_Config), (32 bytes).
    Removing stm32f10x_dbgmcu.o(i.DBGMCU_GetDEVID), (16 bytes).
    Removing stm32f10x_dbgmcu.o(i.DBGMCU_GetREVID), (12 bytes).
    Removing stm32f10x_dma.o(i.DMA_ClearFlag), (28 bytes).
    Removing stm32f10x_dma.o(i.DMA_ClearITPendingBit), (28 bytes).
    Removing stm32f10x_dma.o(i.DMA_Cmd), (24 bytes).
    Removing stm32f10x_dma.o(i.DMA_DeInit), (332 bytes).
    Removing stm32f10x_dma.o(i.DMA_GetCurrDataCounter), (8 bytes).
    Removing stm32f10x_dma.o(i.DMA_GetFlagStatus), (44 bytes).
    Removing stm32f10x_dma.o(i.DMA_GetITStatus), (44 bytes).
    Removing stm32f10x_dma.o(i.DMA_ITConfig), (18 bytes).
    Removing stm32f10x_dma.o(i.DMA_Init), (60 bytes).
    Removing stm32f10x_dma.o(i.DMA_SetCurrDataCounter), (4 bytes).
    Removing stm32f10x_dma.o(i.DMA_StructInit), (26 bytes).
    Removing stm32f10x_exti.o(i.EXTI_ClearFlag), (12 bytes).
    Removing stm32f10x_exti.o(i.EXTI_ClearITPendingBit), (12 bytes).
    Removing stm32f10x_exti.o(i.EXTI_DeInit), (36 bytes).
    Removing stm32f10x_exti.o(i.EXTI_GenerateSWInterrupt), (16 bytes).
    Removing stm32f10x_exti.o(i.EXTI_GetFlagStatus), (24 bytes).
    Removing stm32f10x_exti.o(i.EXTI_GetITStatus), (40 bytes).
    Removing stm32f10x_exti.o(i.EXTI_Init), (148 bytes).
    Removing stm32f10x_exti.o(i.EXTI_StructInit), (16 bytes).
    Removing stm32f10x_flash.o(i.FLASH_ClearFlag), (12 bytes).
    Removing stm32f10x_flash.o(i.FLASH_EnableWriteProtection), (196 bytes).
    Removing stm32f10x_flash.o(i.FLASH_EraseAllBank1Pages), (72 bytes).
    Removing stm32f10x_flash.o(i.FLASH_EraseAllPages), (72 bytes).
    Removing stm32f10x_flash.o(i.FLASH_EraseOptionBytes), (168 bytes).
    Removing stm32f10x_flash.o(i.FLASH_GetFlagStatus), (48 bytes).
    Removing stm32f10x_flash.o(i.FLASH_GetPrefetchBufferStatus), (24 bytes).
    Removing stm32f10x_flash.o(i.FLASH_GetReadOutProtectionStatus), (24 bytes).
    Removing stm32f10x_flash.o(i.FLASH_GetStatus), (52 bytes).
    Removing stm32f10x_flash.o(i.FLASH_GetUserOptionByte), (12 bytes).
    Removing stm32f10x_flash.o(i.FLASH_GetWriteProtectionOptionByte), (12 bytes).
    Removing stm32f10x_flash.o(i.FLASH_HalfCycleAccessCmd), (28 bytes).
    Removing stm32f10x_flash.o(i.FLASH_ITConfig), (32 bytes).
    Removing stm32f10x_flash.o(i.FLASH_Lock), (20 bytes).
    Removing stm32f10x_flash.o(i.FLASH_PrefetchBufferCmd), (28 bytes).
    Removing stm32f10x_flash.o(i.FLASH_ProgramHalfWord), (64 bytes).
    Removing stm32f10x_flash.o(i.FLASH_ProgramOptionByteData), (84 bytes).
    Removing stm32f10x_flash.o(i.FLASH_ReadOutProtection), (172 bytes).
    Removing stm32f10x_flash.o(i.FLASH_SetLatency), (24 bytes).
    Removing stm32f10x_flash.o(i.FLASH_Unlock), (24 bytes).
    Removing stm32f10x_flash.o(i.FLASH_UserOptionByteConfig), (104 bytes).
    Removing stm32f10x_flash.o(i.FLASH_WaitForLastBank1Operation), (38 bytes).
    Removing stm32f10x_fsmc.o(i.FSMC_ClearFlag), (64 bytes).
    Removing stm32f10x_fsmc.o(i.FSMC_ClearITPendingBit), (72 bytes).
    Removing stm32f10x_fsmc.o(i.FSMC_GetECC), (28 bytes).
    Removing stm32f10x_fsmc.o(i.FSMC_GetFlagStatus), (56 bytes).
    Removing stm32f10x_fsmc.o(i.FSMC_GetITStatus), (68 bytes).
    Removing stm32f10x_fsmc.o(i.FSMC_ITConfig), (128 bytes).
    Removing stm32f10x_fsmc.o(i.FSMC_NANDCmd), (92 bytes).
    Removing stm32f10x_fsmc.o(i.FSMC_NANDDeInit), (68 bytes).
    Removing stm32f10x_fsmc.o(i.FSMC_NANDECCCmd), (92 bytes).
    Removing stm32f10x_fsmc.o(i.FSMC_NANDInit), (136 bytes).
    Removing stm32f10x_fsmc.o(i.FSMC_NANDStructInit), (54 bytes).
    Removing stm32f10x_fsmc.o(i.FSMC_NORSRAMCmd), (52 bytes).
    Removing stm32f10x_fsmc.o(i.FSMC_NORSRAMDeInit), (54 bytes).
    Removing stm32f10x_fsmc.o(i.FSMC_NORSRAMInit), (230 bytes).
    Removing stm32f10x_fsmc.o(i.FSMC_NORSRAMStructInit), (114 bytes).
    Removing stm32f10x_fsmc.o(i.FSMC_PCCARDCmd), (48 bytes).
    Removing stm32f10x_fsmc.o(i.FSMC_PCCARDDeInit), (40 bytes).
    Removing stm32f10x_fsmc.o(i.FSMC_PCCARDInit), (132 bytes).
    Removing stm32f10x_fsmc.o(i.FSMC_PCCARDStructInit), (60 bytes).
    Removing stm32f10x_i2c.o(i.I2C_ARPCmd), (24 bytes).
    Removing stm32f10x_i2c.o(i.I2C_AcknowledgeConfig), (24 bytes).
    Removing stm32f10x_i2c.o(i.I2C_CalculatePEC), (24 bytes).
    Removing stm32f10x_i2c.o(i.I2C_CheckEvent), (42 bytes).
    Removing stm32f10x_i2c.o(i.I2C_ClearFlag), (12 bytes).
    Removing stm32f10x_i2c.o(i.I2C_ClearITPendingBit), (12 bytes).
    Removing stm32f10x_i2c.o(i.I2C_Cmd), (24 bytes).
    Removing stm32f10x_i2c.o(i.I2C_DMACmd), (24 bytes).
    Removing stm32f10x_i2c.o(i.I2C_DMALastTransferCmd), (24 bytes).
    Removing stm32f10x_i2c.o(i.I2C_DeInit), (56 bytes).
    Removing stm32f10x_i2c.o(i.I2C_DualAddressCmd), (24 bytes).
    Removing stm32f10x_i2c.o(i.I2C_FastModeDutyCycleConfig), (28 bytes).
    Removing stm32f10x_i2c.o(i.I2C_GeneralCallCmd), (24 bytes).
    Removing stm32f10x_i2c.o(i.I2C_GenerateSTART), (24 bytes).
    Removing stm32f10x_i2c.o(i.I2C_GenerateSTOP), (24 bytes).
    Removing stm32f10x_i2c.o(i.I2C_GetFlagStatus), (58 bytes).
    Removing stm32f10x_i2c.o(i.I2C_GetITStatus), (38 bytes).
    Removing stm32f10x_i2c.o(i.I2C_GetLastEvent), (26 bytes).
    Removing stm32f10x_i2c.o(i.I2C_GetPEC), (8 bytes).
    Removing stm32f10x_i2c.o(i.I2C_ITConfig), (18 bytes).
    Removing stm32f10x_i2c.o(i.I2C_Init), (236 bytes).
    Removing stm32f10x_i2c.o(i.I2C_NACKPositionConfig), (28 bytes).
    Removing stm32f10x_i2c.o(i.I2C_OwnAddress2Config), (22 bytes).
    Removing stm32f10x_i2c.o(i.I2C_PECPositionConfig), (28 bytes).
    Removing stm32f10x_i2c.o(i.I2C_ReadRegister), (22 bytes).
    Removing stm32f10x_i2c.o(i.I2C_ReceiveData), (8 bytes).
    Removing stm32f10x_i2c.o(i.I2C_SMBusAlertConfig), (28 bytes).
    Removing stm32f10x_i2c.o(i.I2C_Send7bitAddress), (18 bytes).
    Removing stm32f10x_i2c.o(i.I2C_SendData), (4 bytes).
    Removing stm32f10x_i2c.o(i.I2C_SoftwareResetCmd), (22 bytes).
    Removing stm32f10x_i2c.o(i.I2C_StretchClockCmd), (24 bytes).
    Removing stm32f10x_i2c.o(i.I2C_StructInit), (30 bytes).
    Removing stm32f10x_i2c.o(i.I2C_TransmitPEC), (24 bytes).
    Removing stm32f10x_iwdg.o(i.IWDG_Enable), (16 bytes).
    Removing stm32f10x_iwdg.o(i.IWDG_GetFlagStatus), (24 bytes).
    Removing stm32f10x_iwdg.o(i.IWDG_ReloadCounter), (16 bytes).
    Removing stm32f10x_iwdg.o(i.IWDG_SetPrescaler), (12 bytes).
    Removing stm32f10x_iwdg.o(i.IWDG_SetReload), (12 bytes).
    Removing stm32f10x_iwdg.o(i.IWDG_WriteAccessCmd), (12 bytes).
    Removing stm32f10x_pwr.o(i.PWR_BackupAccessCmd), (12 bytes).
    Removing stm32f10x_pwr.o(i.PWR_ClearFlag), (20 bytes).
    Removing stm32f10x_pwr.o(i.PWR_DeInit), (22 bytes).
    Removing stm32f10x_pwr.o(i.PWR_EnterSTANDBYMode), (52 bytes).
    Removing stm32f10x_pwr.o(i.PWR_EnterSTOPMode), (64 bytes).
    Removing stm32f10x_pwr.o(i.PWR_GetFlagStatus), (24 bytes).
    Removing stm32f10x_pwr.o(i.PWR_PVDCmd), (12 bytes).
    Removing stm32f10x_pwr.o(i.PWR_PVDLevelConfig), (24 bytes).
    Removing stm32f10x_pwr.o(i.PWR_WakeUpPinCmd), (12 bytes).
    Removing stm32f10x_rtc.o(i.RTC_ClearFlag), (16 bytes).
    Removing stm32f10x_rtc.o(i.RTC_ClearITPendingBit), (16 bytes).
    Removing stm32f10x_rtc.o(i.RTC_EnterConfigMode), (20 bytes).
    Removing stm32f10x_rtc.o(i.RTC_ExitConfigMode), (20 bytes).
    Removing stm32f10x_rtc.o(i.RTC_GetCounter), (20 bytes).
    Removing stm32f10x_rtc.o(i.RTC_GetDivider), (24 bytes).
    Removing stm32f10x_rtc.o(i.RTC_GetFlagStatus), (24 bytes).
    Removing stm32f10x_rtc.o(i.RTC_GetITStatus), (36 bytes).
    Removing stm32f10x_rtc.o(i.RTC_ITConfig), (32 bytes).
    Removing stm32f10x_rtc.o(i.RTC_SetAlarm), (28 bytes).
    Removing stm32f10x_rtc.o(i.RTC_SetCounter), (28 bytes).
    Removing stm32f10x_rtc.o(i.RTC_SetPrescaler), (32 bytes).
    Removing stm32f10x_rtc.o(i.RTC_WaitForLastTask), (20 bytes).
    Removing stm32f10x_rtc.o(i.RTC_WaitForSynchro), (36 bytes).
    Removing stm32f10x_sdio.o(i.SDIO_CEATAITCmd), (16 bytes).
    Removing stm32f10x_sdio.o(i.SDIO_ClearFlag), (12 bytes).
    Removing stm32f10x_sdio.o(i.SDIO_ClearITPendingBit), (12 bytes).
    Removing stm32f10x_sdio.o(i.SDIO_ClockCmd), (12 bytes).
    Removing stm32f10x_sdio.o(i.SDIO_CmdStructInit), (14 bytes).
    Removing stm32f10x_sdio.o(i.SDIO_CommandCompletionCmd), (12 bytes).
    Removing stm32f10x_sdio.o(i.SDIO_DMACmd), (12 bytes).
    Removing stm32f10x_sdio.o(i.SDIO_DataConfig), (48 bytes).
    Removing stm32f10x_sdio.o(i.SDIO_DataStructInit), (20 bytes).
    Removing stm32f10x_sdio.o(i.SDIO_DeInit), (36 bytes).
    Removing stm32f10x_sdio.o(i.SDIO_GetCommandResponse), (12 bytes).
    Removing stm32f10x_sdio.o(i.SDIO_GetDataCounter), (12 bytes).
    Removing stm32f10x_sdio.o(i.SDIO_GetFIFOCount), (12 bytes).
    Removing stm32f10x_sdio.o(i.SDIO_GetFlagStatus), (24 bytes).
    Removing stm32f10x_sdio.o(i.SDIO_GetITStatus), (24 bytes).
    Removing stm32f10x_sdio.o(i.SDIO_GetPowerState), (16 bytes).
    Removing stm32f10x_sdio.o(i.SDIO_GetResponse), (24 bytes).
    Removing stm32f10x_sdio.o(i.SDIO_ITConfig), (32 bytes).
    Removing stm32f10x_sdio.o(i.SDIO_Init), (48 bytes).
    Removing stm32f10x_sdio.o(i.SDIO_ReadData), (12 bytes).
    Removing stm32f10x_sdio.o(i.SDIO_SendCEATACmd), (12 bytes).
    Removing stm32f10x_sdio.o(i.SDIO_SendCommand), (44 bytes).
    Removing stm32f10x_sdio.o(i.SDIO_SendSDIOSuspendCmd), (12 bytes).
    Removing stm32f10x_sdio.o(i.SDIO_SetPowerState), (28 bytes).
    Removing stm32f10x_sdio.o(i.SDIO_SetSDIOOperation), (12 bytes).
    Removing stm32f10x_sdio.o(i.SDIO_SetSDIOReadWaitMode), (12 bytes).
    Removing stm32f10x_sdio.o(i.SDIO_StartSDIOReadWait), (12 bytes).
    Removing stm32f10x_sdio.o(i.SDIO_StopSDIOReadWait), (12 bytes).
    Removing stm32f10x_sdio.o(i.SDIO_StructInit), (16 bytes).
    Removing stm32f10x_sdio.o(i.SDIO_WriteData), (12 bytes).
    Removing stm32f10x_spi.o(i.I2S_Cmd), (24 bytes).
    Removing stm32f10x_spi.o(i.I2S_Init), (232 bytes).
    Removing stm32f10x_spi.o(i.I2S_StructInit), (20 bytes).
    Removing stm32f10x_spi.o(i.SPI_BiDirectionalLineConfig), (28 bytes).
    Removing stm32f10x_spi.o(i.SPI_CalculateCRC), (24 bytes).
    Removing stm32f10x_spi.o(i.SPI_Cmd), (24 bytes).
    Removing stm32f10x_spi.o(i.SPI_DataSizeConfig), (18 bytes).
    Removing stm32f10x_spi.o(i.SPI_GetCRC), (16 bytes).
    Removing stm32f10x_spi.o(i.SPI_GetCRCPolynomial), (6 bytes).
    Removing stm32f10x_spi.o(i.SPI_I2S_ClearFlag), (6 bytes).
    Removing stm32f10x_spi.o(i.SPI_I2S_ClearITPendingBit), (20 bytes).
    Removing stm32f10x_spi.o(i.SPI_I2S_DMACmd), (18 bytes).
    Removing stm32f10x_spi.o(i.SPI_I2S_DeInit), (88 bytes).
    Removing stm32f10x_spi.o(i.SPI_I2S_GetFlagStatus), (18 bytes).
    Removing stm32f10x_spi.o(i.SPI_I2S_GetITStatus), (52 bytes).
    Removing stm32f10x_spi.o(i.SPI_I2S_ITConfig), (32 bytes).
    Removing stm32f10x_spi.o(i.SPI_I2S_ReceiveData), (6 bytes).
    Removing stm32f10x_spi.o(i.SPI_I2S_SendData), (4 bytes).
    Removing stm32f10x_spi.o(i.SPI_Init), (60 bytes).
    Removing stm32f10x_spi.o(i.SPI_NSSInternalSoftwareConfig), (30 bytes).
    Removing stm32f10x_spi.o(i.SPI_SSOutputCmd), (24 bytes).
    Removing stm32f10x_spi.o(i.SPI_StructInit), (24 bytes).
    Removing stm32f10x_spi.o(i.SPI_TransmitCRC), (10 bytes).
    Removing stm32f10x_tim.o(i.TI1_Config), (128 bytes).
    Removing stm32f10x_tim.o(i.TI2_Config), (152 bytes).
    Removing stm32f10x_tim.o(i.TI3_Config), (144 bytes).
    Removing stm32f10x_tim.o(i.TI4_Config), (152 bytes).
    Removing stm32f10x_tim.o(i.TIM_ARRPreloadConfig), (24 bytes).
    Removing stm32f10x_tim.o(i.TIM_BDTRConfig), (32 bytes).
    Removing stm32f10x_tim.o(i.TIM_BDTRStructInit), (18 bytes).
    Removing stm32f10x_tim.o(i.TIM_CCPreloadControl), (24 bytes).
    Removing stm32f10x_tim.o(i.TIM_CCxCmd), (30 bytes).
    Removing stm32f10x_tim.o(i.TIM_CCxNCmd), (30 bytes).
    Removing stm32f10x_tim.o(i.TIM_ClearFlag), (6 bytes).
    Removing stm32f10x_tim.o(i.TIM_ClearITPendingBit), (6 bytes).
    Removing stm32f10x_tim.o(i.TIM_ClearOC1Ref), (18 bytes).
    Removing stm32f10x_tim.o(i.TIM_ClearOC2Ref), (24 bytes).
    Removing stm32f10x_tim.o(i.TIM_ClearOC3Ref), (18 bytes).
    Removing stm32f10x_tim.o(i.TIM_ClearOC4Ref), (24 bytes).
    Removing stm32f10x_tim.o(i.TIM_Cmd), (24 bytes).
    Removing stm32f10x_tim.o(i.TIM_CounterModeConfig), (18 bytes).
    Removing stm32f10x_tim.o(i.TIM_CtrlPWMOutputs), (30 bytes).
    Removing stm32f10x_tim.o(i.TIM_DMACmd), (18 bytes).
    Removing stm32f10x_tim.o(i.TIM_DMAConfig), (10 bytes).
    Removing stm32f10x_tim.o(i.TIM_DeInit), (488 bytes).
    Removing stm32f10x_tim.o(i.TIM_ETRClockMode1Config), (54 bytes).
    Removing stm32f10x_tim.o(i.TIM_ETRClockMode2Config), (32 bytes).
    Removing stm32f10x_tim.o(i.TIM_ETRConfig), (28 bytes).
    Removing stm32f10x_tim.o(i.TIM_EncoderInterfaceConfig), (66 bytes).
    Removing stm32f10x_tim.o(i.TIM_ForcedOC1Config), (18 bytes).
    Removing stm32f10x_tim.o(i.TIM_ForcedOC2Config), (26 bytes).
    Removing stm32f10x_tim.o(i.TIM_ForcedOC3Config), (18 bytes).
    Removing stm32f10x_tim.o(i.TIM_ForcedOC4Config), (26 bytes).
    Removing stm32f10x_tim.o(i.TIM_GenerateEvent), (4 bytes).
    Removing stm32f10x_tim.o(i.TIM_GetCapture1), (6 bytes).
    Removing stm32f10x_tim.o(i.TIM_GetCapture2), (6 bytes).
    Removing stm32f10x_tim.o(i.TIM_GetCapture3), (6 bytes).
    Removing stm32f10x_tim.o(i.TIM_GetCapture4), (8 bytes).
    Removing stm32f10x_tim.o(i.TIM_GetCounter), (6 bytes).
    Removing stm32f10x_tim.o(i.TIM_GetFlagStatus), (18 bytes).
    Removing stm32f10x_tim.o(i.TIM_GetITStatus), (34 bytes).
    Removing stm32f10x_tim.o(i.TIM_GetPrescaler), (6 bytes).
    Removing stm32f10x_tim.o(i.TIM_ICInit), (172 bytes).
    Removing stm32f10x_tim.o(i.TIM_ICStructInit), (18 bytes).
    Removing stm32f10x_tim.o(i.TIM_ITConfig), (18 bytes).
    Removing stm32f10x_tim.o(i.TIM_ITRxExternalClockConfig), (24 bytes).
    Removing stm32f10x_tim.o(i.TIM_InternalClockConfig), (12 bytes).
    Removing stm32f10x_tim.o(i.TIM_OC1FastConfig), (18 bytes).
    Removing stm32f10x_tim.o(i.TIM_OC1Init), (152 bytes).
    Removing stm32f10x_tim.o(i.TIM_OC1NPolarityConfig), (18 bytes).
    Removing stm32f10x_tim.o(i.TIM_OC1PolarityConfig), (18 bytes).
    Removing stm32f10x_tim.o(i.TIM_OC1PreloadConfig), (18 bytes).
    Removing stm32f10x_tim.o(i.TIM_OC2FastConfig), (26 bytes).
    Removing stm32f10x_tim.o(i.TIM_OC2Init), (164 bytes).
    Removing stm32f10x_tim.o(i.TIM_OC2NPolarityConfig), (26 bytes).
    Removing stm32f10x_tim.o(i.TIM_OC2PolarityConfig), (26 bytes).
    Removing stm32f10x_tim.o(i.TIM_OC2PreloadConfig), (26 bytes).
    Removing stm32f10x_tim.o(i.TIM_OC3FastConfig), (18 bytes).
    Removing stm32f10x_tim.o(i.TIM_OC3Init), (160 bytes).
    Removing stm32f10x_tim.o(i.TIM_OC3NPolarityConfig), (26 bytes).
    Removing stm32f10x_tim.o(i.TIM_OC3PolarityConfig), (26 bytes).
    Removing stm32f10x_tim.o(i.TIM_OC3PreloadConfig), (18 bytes).
    Removing stm32f10x_tim.o(i.TIM_OC4FastConfig), (26 bytes).
    Removing stm32f10x_tim.o(i.TIM_OC4Init), (124 bytes).
    Removing stm32f10x_tim.o(i.TIM_OC4PolarityConfig), (26 bytes).
    Removing stm32f10x_tim.o(i.TIM_OC4PreloadConfig), (26 bytes).
    Removing stm32f10x_tim.o(i.TIM_OCStructInit), (20 bytes).
    Removing stm32f10x_tim.o(i.TIM_PWMIConfig), (124 bytes).
    Removing stm32f10x_tim.o(i.TIM_PrescalerConfig), (6 bytes).
    Removing stm32f10x_tim.o(i.TIM_SelectCCDMA), (24 bytes).
    Removing stm32f10x_tim.o(i.TIM_SelectCOM), (24 bytes).
    Removing stm32f10x_tim.o(i.TIM_SelectHallSensor), (24 bytes).
    Removing stm32f10x_tim.o(i.TIM_SelectInputTrigger), (18 bytes).
    Removing stm32f10x_tim.o(i.TIM_SelectMasterSlaveMode), (18 bytes).
    Removing stm32f10x_tim.o(i.TIM_SelectOCxM), (82 bytes).
    Removing stm32f10x_tim.o(i.TIM_SelectOnePulseMode), (18 bytes).
    Removing stm32f10x_tim.o(i.TIM_SelectOutputTrigger), (18 bytes).
    Removing stm32f10x_tim.o(i.TIM_SelectSlaveMode), (18 bytes).
    Removing stm32f10x_tim.o(i.TIM_SetAutoreload), (4 bytes).
    Removing stm32f10x_tim.o(i.TIM_SetClockDivision), (18 bytes).
    Removing stm32f10x_tim.o(i.TIM_SetCompare1), (4 bytes).
    Removing stm32f10x_tim.o(i.TIM_SetCompare2), (4 bytes).
    Removing stm32f10x_tim.o(i.TIM_SetCompare3), (4 bytes).
    Removing stm32f10x_tim.o(i.TIM_SetCompare4), (6 bytes).
    Removing stm32f10x_tim.o(i.TIM_SetCounter), (4 bytes).
    Removing stm32f10x_tim.o(i.TIM_SetIC1Prescaler), (18 bytes).
    Removing stm32f10x_tim.o(i.TIM_SetIC2Prescaler), (26 bytes).
    Removing stm32f10x_tim.o(i.TIM_SetIC3Prescaler), (18 bytes).
    Removing stm32f10x_tim.o(i.TIM_SetIC4Prescaler), (26 bytes).
    Removing stm32f10x_tim.o(i.TIM_TIxExternalClockConfig), (62 bytes).
    Removing stm32f10x_tim.o(i.TIM_TimeBaseInit), (164 bytes).
    Removing stm32f10x_tim.o(i.TIM_TimeBaseStructInit), (18 bytes).
    Removing stm32f10x_tim.o(i.TIM_UpdateDisableConfig), (24 bytes).
    Removing stm32f10x_tim.o(i.TIM_UpdateRequestConfig), (24 bytes).
    Removing stm32f10x_usart.o(i.USART_ClearITPendingBit), (30 bytes).
    Removing stm32f10x_usart.o(i.USART_ClockInit), (34 bytes).
    Removing stm32f10x_usart.o(i.USART_ClockStructInit), (12 bytes).
    Removing stm32f10x_usart.o(i.USART_DMACmd), (18 bytes).
    Removing stm32f10x_usart.o(i.USART_DeInit), (156 bytes).
    Removing stm32f10x_usart.o(i.USART_HalfDuplexCmd), (24 bytes).
    Removing stm32f10x_usart.o(i.USART_IrDACmd), (24 bytes).
    Removing stm32f10x_usart.o(i.USART_IrDAConfig), (18 bytes).
    Removing stm32f10x_usart.o(i.USART_LINBreakDetectLengthConfig), (18 bytes).
    Removing stm32f10x_usart.o(i.USART_LINCmd), (24 bytes).
    Removing stm32f10x_usart.o(i.USART_OneBitMethodCmd), (24 bytes).
    Removing stm32f10x_usart.o(i.USART_OverSampling8Cmd), (22 bytes).
    Removing stm32f10x_usart.o(i.USART_ReceiverWakeUpCmd), (24 bytes).
    Removing stm32f10x_usart.o(i.USART_SendBreak), (10 bytes).
    Removing stm32f10x_usart.o(i.USART_SetAddress), (18 bytes).
    Removing stm32f10x_usart.o(i.USART_SetGuardTime), (16 bytes).
    Removing stm32f10x_usart.o(i.USART_SetPrescaler), (16 bytes).
    Removing stm32f10x_usart.o(i.USART_SmartCardCmd), (24 bytes).
    Removing stm32f10x_usart.o(i.USART_SmartCardNACKCmd), (24 bytes).
    Removing stm32f10x_usart.o(i.USART_StructInit), (24 bytes).
    Removing stm32f10x_usart.o(i.USART_WakeUpConfig), (18 bytes).
    Removing stm32f10x_wwdg.o(i.WWDG_ClearFlag), (12 bytes).
    Removing stm32f10x_wwdg.o(i.WWDG_DeInit), (22 bytes).
    Removing stm32f10x_wwdg.o(i.WWDG_Enable), (16 bytes).
    Removing stm32f10x_wwdg.o(i.WWDG_EnableIT), (12 bytes).
    Removing stm32f10x_wwdg.o(i.WWDG_GetFlagStatus), (12 bytes).
    Removing stm32f10x_wwdg.o(i.WWDG_SetCounter), (16 bytes).
    Removing stm32f10x_wwdg.o(i.WWDG_SetPrescaler), (24 bytes).
    Removing stm32f10x_wwdg.o(i.WWDG_SetWindowValue), (40 bytes).
    Removing lcd_4bit.o(i.LCD_custom_char), (68 bytes).
    Removing lcd_4bit.o(i.LCD_write_cgram), (52 bytes).
    Removing usart_config.o(i.USART1_put_var), (100 bytes).
    Removing usart_config.o(i.USART1_putc), (32 bytes).
    Removing usart_config.o(i.USART1_puts), (22 bytes).
    Removing usart_config.o(i.USART_put_var), (106 bytes).
    Removing usart_config.o(i.USART_putc), (30 bytes).
    Removing usart_config.o(i.USART_puts), (26 bytes).
    Removing sim_m95_app.o(i.SIM_Init), (76 bytes).
    Removing sim_m95_app.o(i.SIM_Signal_Quality), (64 bytes).
    Removing sim_m95_dv.o(i.DV_SIM_Reset), (100 bytes).
    Removing sim_m95_dv.o(i.DV_SIM_Startup), (72 bytes).
    Removing delay.o(i.delay_us), (16 bytes).
    Removing ds18b20.o(i.DS18B20_ReadTemperature), (82 bytes).
    Removing ds18b20.o(i.OneWireReadByte), (80 bytes).
    Removing ds18b20.o(i.OneWireReset), (48 bytes).
    Removing ds18b20.o(i.OneWireSendByte), (92 bytes).
    Removing startup_stm32f10x_md.o(HEAP), (512 bytes).
    Removing dadd.o(.text), (334 bytes).
    Removing dmul.o(.text), (228 bytes).
    Removing ddiv.o(.text), (222 bytes).
    Removing dfixul.o(.text), (48 bytes).
    Removing cdrcmple.o(.text), (48 bytes).
    Removing depilogue.o(.text), (186 bytes).

474 unused section(s) (total 20578 bytes) removed from the image.

==============================================================================

Image Symbol Table

    Local Symbols

    Symbol Name                              Value     Ov Type        Size  Object(Section)

    ../clib/microlib/division.c              0x00000000   Number         0  uidiv.o ABSOLUTE
    ../clib/microlib/division.c              0x00000000   Number         0  uldiv.o ABSOLUTE
    ../clib/microlib/init/entry.s            0x00000000   Number         0  entry2.o ABSOLUTE
    ../clib/microlib/init/entry.s            0x00000000   Number         0  entry8a.o ABSOLUTE
    ../clib/microlib/init/entry.s            0x00000000   Number         0  entry5.o ABSOLUTE
    ../clib/microlib/init/entry.s            0x00000000   Number         0  entry11a.o ABSOLUTE
    ../clib/microlib/init/entry.s            0x00000000   Number         0  entry10b.o ABSOLUTE
    ../clib/microlib/init/entry.s            0x00000000   Number         0  entry9b.o ABSOLUTE
    ../clib/microlib/init/entry.s            0x00000000   Number         0  entry10a.o ABSOLUTE
    ../clib/microlib/init/entry.s            0x00000000   Number         0  entry.o ABSOLUTE
    ../clib/microlib/init/entry.s            0x00000000   Number         0  entry9a.o ABSOLUTE
    ../clib/microlib/init/entry.s            0x00000000   Number         0  entry11b.o ABSOLUTE
    ../clib/microlib/init/entry.s            0x00000000   Number         0  entry7b.o ABSOLUTE
    ../clib/microlib/init/entry.s            0x00000000   Number         0  entry7a.o ABSOLUTE
    ../clib/microlib/init/entry.s            0x00000000   Number         0  entry8b.o ABSOLUTE
    ../clib/microlib/longlong.c              0x00000000   Number         0  llsshr.o ABSOLUTE
    ../clib/microlib/longlong.c              0x00000000   Number         0  llushr.o ABSOLUTE
    ../clib/microlib/longlong.c              0x00000000   Number         0  llshl.o ABSOLUTE
    ../clib/microlib/printf/printf.c         0x00000000   Number         0  printf5.o ABSOLUTE
    ../clib/microlib/printf/printf.c         0x00000000   Number         0  printf6.o ABSOLUTE
    ../clib/microlib/printf/printf.c         0x00000000   Number         0  printf7.o ABSOLUTE
    ../clib/microlib/printf/printf.c         0x00000000   Number         0  printf8.o ABSOLUTE
    ../clib/microlib/printf/printf.c         0x00000000   Number         0  printfa.o ABSOLUTE
    ../clib/microlib/printf/printf.c         0x00000000   Number         0  printf3.o ABSOLUTE
    ../clib/microlib/printf/printf.c         0x00000000   Number         0  printf2.o ABSOLUTE
    ../clib/microlib/printf/printf.c         0x00000000   Number         0  printf1.o ABSOLUTE
    ../clib/microlib/printf/printf.c         0x00000000   Number         0  printf0.o ABSOLUTE
    ../clib/microlib/printf/printf.c         0x00000000   Number         0  printfb.o ABSOLUTE
    ../clib/microlib/printf/printf.c         0x00000000   Number         0  printf4.o ABSOLUTE
    ../clib/microlib/printf/stubs.s          0x00000000   Number         0  stubs.o ABSOLUTE
    ../clib/microlib/stdio/streams.c         0x00000000   Number         0  stdout.o ABSOLUTE
    ../clib/microlib/string/strlen.c         0x00000000   Number         0  strlen.o ABSOLUTE
    ../clib/microlib/stubs.s                 0x00000000   Number         0  iusefp.o ABSOLUTE
    ../fplib/microlib/fpadd.c                0x00000000   Number         0  dadd.o ABSOLUTE
    ../fplib/microlib/fpdiv.c                0x00000000   Number         0  ddiv.o ABSOLUTE
    ../fplib/microlib/fpepilogue.c           0x00000000   Number         0  depilogue.o ABSOLUTE
    ../fplib/microlib/fpfix.c                0x00000000   Number         0  dfixul.o ABSOLUTE
    ../fplib/microlib/fpmul.c                0x00000000   Number         0  dmul.o ABSOLUTE
    ..\Libraries\CMSIS\CM3\CoreSupport\core_cm3.c 0x00000000   Number         0  core_cm3.o ABSOLUTE
    ..\Libraries\CMSIS\CM3\DeviceSupport\ST\STM32F10x\startup\arm\startup_stm32f10x_md.s 0x00000000   Number         0  startup_stm32f10x_md.o ABSOLUTE
    ..\Libraries\CMSIS\CM3\DeviceSupport\ST\STM32F10x\system_stm32f10x.c 0x00000000   Number         0  system_stm32f10x.o ABSOLUTE
    ..\Libraries\STM32F10x_StdPeriph_Driver\src\misc.c 0x00000000   Number         0  misc.o ABSOLUTE
    ..\Libraries\STM32F10x_StdPeriph_Driver\src\stm32f10x_adc.c 0x00000000   Number         0  stm32f10x_adc.o ABSOLUTE
    ..\Libraries\STM32F10x_StdPeriph_Driver\src\stm32f10x_bkp.c 0x00000000   Number         0  stm32f10x_bkp.o ABSOLUTE
    ..\Libraries\STM32F10x_StdPeriph_Driver\src\stm32f10x_can.c 0x00000000   Number         0  stm32f10x_can.o ABSOLUTE
    ..\Libraries\STM32F10x_StdPeriph_Driver\src\stm32f10x_cec.c 0x00000000   Number         0  stm32f10x_cec.o ABSOLUTE
    ..\Libraries\STM32F10x_StdPeriph_Driver\src\stm32f10x_crc.c 0x00000000   Number         0  stm32f10x_crc.o ABSOLUTE
    ..\Libraries\STM32F10x_StdPeriph_Driver\src\stm32f10x_dac.c 0x00000000   Number         0  stm32f10x_dac.o ABSOLUTE
    ..\Libraries\STM32F10x_StdPeriph_Driver\src\stm32f10x_dbgmcu.c 0x00000000   Number         0  stm32f10x_dbgmcu.o ABSOLUTE
    ..\Libraries\STM32F10x_StdPeriph_Driver\src\stm32f10x_dma.c 0x00000000   Number         0  stm32f10x_dma.o ABSOLUTE
    ..\Libraries\STM32F10x_StdPeriph_Driver\src\stm32f10x_exti.c 0x00000000   Number         0  stm32f10x_exti.o ABSOLUTE
    ..\Libraries\STM32F10x_StdPeriph_Driver\src\stm32f10x_flash.c 0x00000000   Number         0  stm32f10x_flash.o ABSOLUTE
    ..\Libraries\STM32F10x_StdPeriph_Driver\src\stm32f10x_fsmc.c 0x00000000   Number         0  stm32f10x_fsmc.o ABSOLUTE
    ..\Libraries\STM32F10x_StdPeriph_Driver\src\stm32f10x_gpio.c 0x00000000   Number         0  stm32f10x_gpio.o ABSOLUTE
    ..\Libraries\STM32F10x_StdPeriph_Driver\src\stm32f10x_i2c.c 0x00000000   Number         0  stm32f10x_i2c.o ABSOLUTE
    ..\Libraries\STM32F10x_StdPeriph_Driver\src\stm32f10x_iwdg.c 0x00000000   Number         0  stm32f10x_iwdg.o ABSOLUTE
    ..\Libraries\STM32F10x_StdPeriph_Driver\src\stm32f10x_pwr.c 0x00000000   Number         0  stm32f10x_pwr.o ABSOLUTE
    ..\Libraries\STM32F10x_StdPeriph_Driver\src\stm32f10x_rcc.c 0x00000000   Number         0  stm32f10x_rcc.o ABSOLUTE
    ..\Libraries\STM32F10x_StdPeriph_Driver\src\stm32f10x_rtc.c 0x00000000   Number         0  stm32f10x_rtc.o ABSOLUTE
    ..\Libraries\STM32F10x_StdPeriph_Driver\src\stm32f10x_sdio.c 0x00000000   Number         0  stm32f10x_sdio.o ABSOLUTE
    ..\Libraries\STM32F10x_StdPeriph_Driver\src\stm32f10x_spi.c 0x00000000   Number         0  stm32f10x_spi.o ABSOLUTE
    ..\Libraries\STM32F10x_StdPeriph_Driver\src\stm32f10x_tim.c 0x00000000   Number         0  stm32f10x_tim.o ABSOLUTE
    ..\Libraries\STM32F10x_StdPeriph_Driver\src\stm32f10x_usart.c 0x00000000   Number         0  stm32f10x_usart.o ABSOLUTE
    ..\Libraries\STM32F10x_StdPeriph_Driver\src\stm32f10x_wwdg.c 0x00000000   Number         0  stm32f10x_wwdg.o ABSOLUTE
    ..\USER\hardware_config.c                0x00000000   Number         0  hardware_config.o ABSOLUTE
    ..\USER\main.c                           0x00000000   Number         0  main.o ABSOLUTE
    ..\USER\stm32f10x_it.c                   0x00000000   Number         0  stm32f10x_it.o ABSOLUTE
    ..\USER_DRIVER\DHT11\dht11.c             0x00000000   Number         0  dht11.o ABSOLUTE
    ..\USER_DRIVER\Delay\delay.c             0x00000000   Number         0  delay.o ABSOLUTE
    ..\USER_DRIVER\LCD\lcd_4bit.c            0x00000000   Number         0  lcd_4bit.o ABSOLUTE
    ..\USER_DRIVER\SIM\SIM_M95_APP.c         0x00000000   Number         0  sim_m95_app.o ABSOLUTE
    ..\USER_DRIVER\SIM\SIM_M95_DV.c          0x00000000   Number         0  sim_m95_dv.o ABSOLUTE
    ..\USER_DRIVER\USART\USART_Config.c      0x00000000   Number         0  usart_config.o ABSOLUTE
    ..\USER_DRIVER\ds18b20\ds18b20.c         0x00000000   Number         0  ds18b20.o ABSOLUTE
    ..\USER_DRIVER\systick_delay\systick_delay.c 0x00000000   Number         0  systick_delay.o ABSOLUTE
    ..\\Libraries\\CMSIS\\CM3\\CoreSupport\\core_cm3.c 0x00000000   Number         0  core_cm3.o ABSOLUTE
    cdrcmple.s                               0x00000000   Number         0  cdrcmple.o ABSOLUTE
    dc.s                                     0x00000000   Number         0  dc.o ABSOLUTE
    handlers.s                               0x00000000   Number         0  handlers.o ABSOLUTE
    init.s                                   0x00000000   Number         0  init.o ABSOLUTE
    RESET                                    0x08000000   Section      236  startup_stm32f10x_md.o(RESET)
    .ARM.Collect$$$$00000000                 0x080000ec   Section        0  entry.o(.ARM.Collect$$$$00000000)
    .ARM.Collect$$$$00000001                 0x080000ec   Section        4  entry2.o(.ARM.Collect$$$$00000001)
    .ARM.Collect$$$$00000004                 0x080000f0   Section        4  entry5.o(.ARM.Collect$$$$00000004)
    .ARM.Collect$$$$00000008                 0x080000f4   Section        0  entry7b.o(.ARM.Collect$$$$00000008)
    .ARM.Collect$$$$0000000A                 0x080000f4   Section        0  entry8b.o(.ARM.Collect$$$$0000000A)
    .ARM.Collect$$$$0000000B                 0x080000f4   Section        8  entry9a.o(.ARM.Collect$$$$0000000B)
    .ARM.Collect$$$$0000000D                 0x080000fc   Section        0  entry10a.o(.ARM.Collect$$$$0000000D)
    .ARM.Collect$$$$0000000F                 0x080000fc   Section        0  entry11a.o(.ARM.Collect$$$$0000000F)
    .ARM.Collect$$$$00002712                 0x080000fc   Section        4  entry2.o(.ARM.Collect$$$$00002712)
    __lit__00000000                          0x080000fc   Data           4  entry2.o(.ARM.Collect$$$$00002712)
    .text                                    0x08000100   Section       36  startup_stm32f10x_md.o(.text)
    .text                                    0x08000124   Section        0  strlen.o(.text)
    .text                                    0x08000132   Section        0  uidiv.o(.text)
    .text                                    0x08000160   Section       36  init.o(.text)
    i.Backup_SYS_Password                    0x08000184   Section        0  main.o(i.Backup_SYS_Password)
    i.Backup_SYS_Phone                       0x080001ec   Section        0  main.o(i.Backup_SYS_Phone)
    i.Backup_SYS_Temp_Humi                   0x0800025c   Section        0  main.o(i.Backup_SYS_Temp_Humi)
    i.Backup_System                          0x080002f8   Section        0  main.o(i.Backup_System)
    i.BusFault_Handler                       0x0800031c   Section        0  stm32f10x_it.o(i.BusFault_Handler)
    i.Call_Process                           0x08000320   Section        0  main.o(i.Call_Process)
    i.Check_SMS_Phone_Number                 0x08000394   Section        0  main.o(i.Check_SMS_Phone_Number)
    i.DHT11_GPIO_Config                      0x08000400   Section        0  dht11.o(i.DHT11_GPIO_Config)
    i.DHT11_Mode_IPU                         0x08000434   Section        0  dht11.o(i.DHT11_Mode_IPU)
    DHT11_Mode_IPU                           0x08000435   Thumb Code    24  dht11.o(i.DHT11_Mode_IPU)
    i.DHT11_Mode_Out_PP                      0x08000450   Section        0  dht11.o(i.DHT11_Mode_Out_PP)
    DHT11_Mode_Out_PP                        0x08000451   Thumb Code    30  dht11.o(i.DHT11_Mode_Out_PP)
    i.DV_SIM_AT_Cmd                          0x08000474   Section        0  sim_m95_dv.o(i.DV_SIM_AT_Cmd)
    i.DV_SIM_AT_Sync                         0x080004f4   Section        0  sim_m95_dv.o(i.DV_SIM_AT_Sync)
    i.DV_SIM_Buff_Clear                      0x08000518   Section        0  sim_m95_dv.o(i.DV_SIM_Buff_Clear)
    i.DV_SIM_Check_Service                   0x08000544   Section        0  sim_m95_dv.o(i.DV_SIM_Check_Service)
    i.DV_SIM_GPIO_Init                       0x08000618   Section        0  sim_m95_dv.o(i.DV_SIM_GPIO_Init)
    i.DV_SIM_USART_Init                      0x08000644   Section        0  sim_m95_dv.o(i.DV_SIM_USART_Init)
    i.DV_SIM_printf                          0x08000700   Section        0  sim_m95_dv.o(i.DV_SIM_printf)
    i.DebugMon_Handler                       0x0800072c   Section        0  stm32f10x_it.o(i.DebugMon_Handler)
    i.FLASH_ErasePage                        0x08000730   Section        0  stm32f10x_flash.o(i.FLASH_ErasePage)
    i.FLASH_GetBank1Status                   0x0800077c   Section        0  stm32f10x_flash.o(i.FLASH_GetBank1Status)
    i.FLASH_LockBank1                        0x080007b0   Section        0  stm32f10x_flash.o(i.FLASH_LockBank1)
    i.FLASH_ProgramWord                      0x080007c4   Section        0  stm32f10x_flash.o(i.FLASH_ProgramWord)
    i.FLASH_UnlockBank1                      0x08000830   Section        0  stm32f10x_flash.o(i.FLASH_UnlockBank1)
    i.FLASH_WaitForLastOperation             0x08000848   Section        0  stm32f10x_flash.o(i.FLASH_WaitForLastOperation)
    i.GPIO_Board_Config                      0x08000870   Section        0  hardware_config.o(i.GPIO_Board_Config)
    i.GPIO_Init                              0x080008e8   Section        0  stm32f10x_gpio.o(i.GPIO_Init)
    i.GPIO_PinRemapConfig                    0x08000a00   Section        0  stm32f10x_gpio.o(i.GPIO_PinRemapConfig)
    i.GPIO_ReadInputDataBit                  0x08000a90   Section        0  stm32f10x_gpio.o(i.GPIO_ReadInputDataBit)
    i.GPIO_ReadOutputDataBit                 0x08000aa2   Section        0  stm32f10x_gpio.o(i.GPIO_ReadOutputDataBit)
    i.GPIO_ResetBits                         0x08000ab4   Section        0  stm32f10x_gpio.o(i.GPIO_ResetBits)
    i.GPIO_SetBits                           0x08000ab8   Section        0  stm32f10x_gpio.o(i.GPIO_SetBits)
    i.GPIO_WriteBit                          0x08000abc   Section        0  stm32f10x_gpio.o(i.GPIO_WriteBit)
    i.HardFault_Handler                      0x08000ac6   Section        0  stm32f10x_it.o(i.HardFault_Handler)
    i.LCD_Pin_Dir                            0x08000aca   Section        0  lcd_4bit.o(i.LCD_Pin_Dir)
    i.LCD_clear                              0x08000af8   Section        0  lcd_4bit.o(i.LCD_clear)
    i.LCD_command                            0x08000b20   Section        0  lcd_4bit.o(i.LCD_command)
    i.LCD_delay                              0x08000b4c   Section        0  lcd_4bit.o(i.LCD_delay)
    i.LCD_gotoxy                             0x08000b62   Section        0  lcd_4bit.o(i.LCD_gotoxy)
    i.LCD_init                               0x08000ba0   Section        0  lcd_4bit.o(i.LCD_init)
    i.LCD_putc                               0x08000c94   Section        0  lcd_4bit.o(i.LCD_putc)
    i.LCD_puts                               0x08000ccc   Section        0  lcd_4bit.o(i.LCD_puts)
    i.LCD_wait_busy                          0x08000ce4   Section        0  lcd_4bit.o(i.LCD_wait_busy)
    i.MemManage_Handler                      0x08000d50   Section        0  stm32f10x_it.o(i.MemManage_Handler)
    i.NMI_Handler                            0x08000d54   Section        0  stm32f10x_it.o(i.NMI_Handler)
    i.NVIC_Init                              0x08000d58   Section        0  misc.o(i.NVIC_Init)
    i.NVIC_PriorityGroupConfig               0x08000dc8   Section        0  misc.o(i.NVIC_PriorityGroupConfig)
    i.OneWireDir                             0x08000ddc   Section        0  ds18b20.o(i.OneWireDir)
    i.OneWireRCCInit                         0x08000e0c   Section        0  ds18b20.o(i.OneWireRCCInit)
    i.PendSV_Handler                         0x08000e1e   Section        0  stm32f10x_it.o(i.PendSV_Handler)
    i.Process_Sensor_State                   0x08000e20   Section        0  main.o(i.Process_Sensor_State)
    i.RCC_APB1PeriphClockCmd                 0x0800103c   Section        0  stm32f10x_rcc.o(i.RCC_APB1PeriphClockCmd)
    i.RCC_APB2PeriphClockCmd                 0x0800105c   Section        0  stm32f10x_rcc.o(i.RCC_APB2PeriphClockCmd)
    i.RCC_GetClocksFreq                      0x0800107c   Section        0  stm32f10x_rcc.o(i.RCC_GetClocksFreq)
    i.Read_Byte                              0x08001150   Section        0  dht11.o(i.Read_Byte)
    Read_Byte                                0x08001151   Thumb Code   114  dht11.o(i.Read_Byte)
    i.Read_DHT11                             0x080011c8   Section        0  dht11.o(i.Read_DHT11)
    i.Relay_GetState                         0x08001280   Section        0  hardware_config.o(i.Relay_GetState)
    i.Relay_SetState                         0x080012b8   Section        0  hardware_config.o(i.Relay_SetState)
    i.Restore_SYS_Password                   0x080012ec   Section        0  main.o(i.Restore_SYS_Password)
    i.Restore_SYS_Phone                      0x0800138c   Section        0  main.o(i.Restore_SYS_Phone)
    i.Restore_SYS_Temp_Humi                  0x0800143c   Section        0  main.o(i.Restore_SYS_Temp_Humi)
    i.SIM_M95_Init                           0x08001504   Section        0  sim_m95_app.o(i.SIM_M95_Init)
    i.SIM_Send_SMS                           0x0800164c   Section        0  sim_m95_app.o(i.SIM_Send_SMS)
    i.SMS_Process                            0x08001718   Section        0  main.o(i.SMS_Process)
    i.SVC_Handler                            0x08001c5c   Section        0  stm32f10x_it.o(i.SVC_Handler)
    i.SYS_Buff_Clear                         0x08001c60   Section        0  main.o(i.SYS_Buff_Clear)
    i.SetSysClock                            0x08001c78   Section        0  system_stm32f10x.o(i.SetSysClock)
    SetSysClock                              0x08001c79   Thumb Code     8  system_stm32f10x.o(i.SetSysClock)
    i.SetSysClockTo72                        0x08001c80   Section        0  system_stm32f10x.o(i.SetSysClockTo72)
    SetSysClockTo72                          0x08001c81   Thumb Code   214  system_stm32f10x.o(i.SetSysClockTo72)
    i.Sys_Delay_Init                         0x08001d60   Section        0  systick_delay.o(i.Sys_Delay_Init)
    i.Sys_Delay_ms                           0x08001da0   Section        0  systick_delay.o(i.Sys_Delay_ms)
    i.Sys_Delay_us                           0x08001ddc   Section        0  systick_delay.o(i.Sys_Delay_us)
    i.SystemInit                             0x08001e18   Section        0  system_stm32f10x.o(i.SystemInit)
    i.USART1_Debug_Config                    0x08001e78   Section        0  hardware_config.o(i.USART1_Debug_Config)
    i.USART2_IRQHandler                      0x08001f38   Section        0  sim_m95_dv.o(i.USART2_IRQHandler)
    i.USART_ClearFlag                        0x08001fc8   Section        0  stm32f10x_usart.o(i.USART_ClearFlag)
    i.USART_Cmd                              0x08001fda   Section        0  stm32f10x_usart.o(i.USART_Cmd)
    i.USART_GetFlagStatus                    0x08001ff2   Section        0  stm32f10x_usart.o(i.USART_GetFlagStatus)
    i.USART_GetITStatus                      0x0800200c   Section        0  stm32f10x_usart.o(i.USART_GetITStatus)
    i.USART_ITConfig                         0x08002060   Section        0  stm32f10x_usart.o(i.USART_ITConfig)
    i.USART_Init                             0x080020ac   Section        0  stm32f10x_usart.o(i.USART_Init)
    i.USART_ReceiveData                      0x08002184   Section        0  stm32f10x_usart.o(i.USART_ReceiveData)
    i.USART_SendData                         0x0800218e   Section        0  stm32f10x_usart.o(i.USART_SendData)
    i.Update_LCD                             0x08002198   Section        0  main.o(i.Update_LCD)
    i.UsageFault_Handler                     0x0800226c   Section        0  stm32f10x_it.o(i.UsageFault_Handler)
    i.__0printf$3                            0x08002270   Section        0  printf3.o(i.__0printf$3)
    i.__0sprintf$3                           0x08002290   Section        0  printf3.o(i.__0sprintf$3)
    i.__scatterload_copy                     0x080022b8   Section       14  handlers.o(i.__scatterload_copy)
    i.__scatterload_null                     0x080022c6   Section        2  handlers.o(i.__scatterload_null)
    i.__scatterload_zeroinit                 0x080022c8   Section       14  handlers.o(i.__scatterload_zeroinit)
    i._printf_core                           0x080022d8   Section        0  printf3.o(i._printf_core)
    _printf_core                             0x080022d9   Thumb Code   436  printf3.o(i._printf_core)
    i._sputc                                 0x08002490   Section        0  printf3.o(i._sputc)
    _sputc                                   0x08002491   Thumb Code    10  printf3.o(i._sputc)
    i.delay_ms                               0x0800249a   Section        0  delay.o(i.delay_ms)
    i.fputc                                  0x080024b0   Section        0  usart_config.o(i.fputc)
    i.main                                   0x080024d4   Section        0  main.o(i.main)
    i.str_find_first_location                0x08002634   Section        0  sim_m95_dv.o(i.str_find_first_location)
    i.str_find_last_location                 0x08002692   Section        0  sim_m95_dv.o(i.str_find_last_location)
    i.str_to_int                             0x080026f0   Section        0  main.o(i.str_to_int)
    i.write_data                             0x08002788   Section        0  lcd_4bit.o(i.write_data)
    .constdata                               0x08002858   Section        6  main.o(.constdata)
    .conststring                             0x08002860   Section      585  main.o(.conststring)
    .data                                    0x20000000   Section       41  main.o(.data)
    Temp_average                             0x20000020   Data           4  main.o(.data)
    Humi_average                             0x20000024   Data           4  main.o(.data)
    count                                    0x20000028   Data           1  main.o(.data)
    .data                                    0x20000029   Section       20  stm32f10x_rcc.o(.data)
    APBAHBPrescTable                         0x20000029   Data          16  stm32f10x_rcc.o(.data)
    ADCPrescTable                            0x20000039   Data           4  stm32f10x_rcc.o(.data)
    .data                                    0x2000003e   Section        4  sim_m95_dv.o(.data)
    .data                                    0x20000042   Section        4  systick_delay.o(.data)
    fac_us                                   0x20000042   Data           1  systick_delay.o(.data)
    fac_ms                                   0x20000044   Data           2  systick_delay.o(.data)
    .data                                    0x20000048   Section        4  stdout.o(.data)
    .bss                                     0x2000004c   Section      122  main.o(.bss)
    .bss                                     0x200000c6   Section      200  sim_m95_dv.o(.bss)
    STACK                                    0x20000190   Section     1024  startup_stm32f10x_md.o(STACK)

    Global Symbols

    Symbol Name                              Value     Ov Type        Size  Object(Section)

    BuildAttributes$$THM_ISAv4$P$D$K$B$S$PE$A:L22UL41UL21$X:L11$S22US41US21$IEEE1$IW$USESV6$~STKCKD$USESV7$~SHL$OSPACE$ROPI$EBA8$MICROLIB$REQ8$PRES8$EABIv2 0x00000000   Number         0  anon$$obj.o ABSOLUTE
    __ARM_use_no_argv                        0x00000000   Number         0  main.o ABSOLUTE
    _printf_a                                0x00000000   Number         0  stubs.o ABSOLUTE
    _printf_c                                0x00000000   Number         0  stubs.o ABSOLUTE
    _printf_charcount                        0x00000000   Number         0  stubs.o ABSOLUTE
    _printf_d                                0x00000000   Number         0  stubs.o ABSOLUTE
    _printf_e                                0x00000000   Number         0  stubs.o ABSOLUTE
    _printf_f                                0x00000000   Number         0  stubs.o ABSOLUTE
    _printf_flags                            0x00000000   Number         0  stubs.o ABSOLUTE
    _printf_fp_dec                           0x00000000   Number         0  stubs.o ABSOLUTE
    _printf_fp_hex                           0x00000000   Number         0  stubs.o ABSOLUTE
    _printf_g                                0x00000000   Number         0  stubs.o ABSOLUTE
    _printf_i                                0x00000000   Number         0  stubs.o ABSOLUTE
    _printf_int_dec                          0x00000000   Number         0  stubs.o ABSOLUTE
    _printf_l                                0x00000000   Number         0  stubs.o ABSOLUTE
    _printf_lc                               0x00000000   Number         0  stubs.o ABSOLUTE
    _printf_ll                               0x00000000   Number         0  stubs.o ABSOLUTE
    _printf_lld                              0x00000000   Number         0  stubs.o ABSOLUTE
    _printf_lli                              0x00000000   Number         0  stubs.o ABSOLUTE
    _printf_llo                              0x00000000   Number         0  stubs.o ABSOLUTE
    _printf_llu                              0x00000000   Number         0  stubs.o ABSOLUTE
    _printf_llx                              0x00000000   Number         0  stubs.o ABSOLUTE
    _printf_longlong_dec                     0x00000000   Number         0  stubs.o ABSOLUTE
    _printf_longlong_hex                     0x00000000   Number         0  stubs.o ABSOLUTE
    _printf_longlong_oct                     0x00000000   Number         0  stubs.o ABSOLUTE
    _printf_ls                               0x00000000   Number         0  stubs.o ABSOLUTE
    _printf_mbtowc                           0x00000000   Number         0  stubs.o ABSOLUTE
    _printf_n                                0x00000000   Number         0  stubs.o ABSOLUTE
    _printf_o                                0x00000000   Number         0  stubs.o ABSOLUTE
    _printf_p                                0x00000000   Number         0  stubs.o ABSOLUTE
    _printf_percent                          0x00000000   Number         0  stubs.o ABSOLUTE
    _printf_pre_padding                      0x00000000   Number         0  stubs.o ABSOLUTE
    _printf_return_value                     0x00000000   Number         0  stubs.o ABSOLUTE
    _printf_s                                0x00000000   Number         0  stubs.o ABSOLUTE
    _printf_sizespec                         0x00000000   Number         0  stubs.o ABSOLUTE
    _printf_str                              0x00000000   Number         0  stubs.o ABSOLUTE
    _printf_truncate_signed                  0x00000000   Number         0  stubs.o ABSOLUTE
    _printf_truncate_unsigned                0x00000000   Number         0  stubs.o ABSOLUTE
    _printf_u                                0x00000000   Number         0  stubs.o ABSOLUTE
    _printf_wc                               0x00000000   Number         0  stubs.o ABSOLUTE
    _printf_wctomb                           0x00000000   Number         0  stubs.o ABSOLUTE
    _printf_widthprec                        0x00000000   Number         0  stubs.o ABSOLUTE
    _printf_x                                0x00000000   Number         0  stubs.o ABSOLUTE
    __cpp_initialize__aeabi_                  - Undefined Weak Reference
    __cxa_finalize                            - Undefined Weak Reference
    __decompress                              - Undefined Weak Reference
    _clock_init                               - Undefined Weak Reference
    _microlib_exit                            - Undefined Weak Reference
    __Vectors_Size                           0x000000ec   Number         0  startup_stm32f10x_md.o ABSOLUTE
    __Vectors                                0x08000000   Data           4  startup_stm32f10x_md.o(RESET)
    __Vectors_End                            0x080000ec   Data           0  startup_stm32f10x_md.o(RESET)
    __main                                   0x080000ed   Thumb Code     0  entry.o(.ARM.Collect$$$$00000000)
    _main_stk                                0x080000ed   Thumb Code     0  entry2.o(.ARM.Collect$$$$00000001)
    _main_scatterload                        0x080000f1   Thumb Code     0  entry5.o(.ARM.Collect$$$$00000004)
    __main_after_scatterload                 0x080000f5   Thumb Code     0  entry5.o(.ARM.Collect$$$$00000004)
    _main_clock                              0x080000f5   Thumb Code     0  entry7b.o(.ARM.Collect$$$$00000008)
    _main_cpp_init                           0x080000f5   Thumb Code     0  entry8b.o(.ARM.Collect$$$$0000000A)
    _main_init                               0x080000f5   Thumb Code     0  entry9a.o(.ARM.Collect$$$$0000000B)
    __rt_final_cpp                           0x080000fd   Thumb Code     0  entry10a.o(.ARM.Collect$$$$0000000D)
    __rt_final_exit                          0x080000fd   Thumb Code     0  entry11a.o(.ARM.Collect$$$$0000000F)
    Reset_Handler                            0x08000101   Thumb Code     8  startup_stm32f10x_md.o(.text)
    SysTick_Handler                          0x08000119   Thumb Code     2  startup_stm32f10x_md.o(.text)
    ADC1_2_IRQHandler                        0x0800011b   Thumb Code     0  startup_stm32f10x_md.o(.text)
    CAN1_RX1_IRQHandler                      0x0800011b   Thumb Code     0  startup_stm32f10x_md.o(.text)
    CAN1_SCE_IRQHandler                      0x0800011b   Thumb Code     0  startup_stm32f10x_md.o(.text)
    DMA1_Channel1_IRQHandler                 0x0800011b   Thumb Code     0  startup_stm32f10x_md.o(.text)
    DMA1_Channel2_IRQHandler                 0x0800011b   Thumb Code     0  startup_stm32f10x_md.o(.text)
    DMA1_Channel3_IRQHandler                 0x0800011b   Thumb Code     0  startup_stm32f10x_md.o(.text)
    DMA1_Channel4_IRQHandler                 0x0800011b   Thumb Code     0  startup_stm32f10x_md.o(.text)
    DMA1_Channel5_IRQHandler                 0x0800011b   Thumb Code     0  startup_stm32f10x_md.o(.text)
    DMA1_Channel6_IRQHandler                 0x0800011b   Thumb Code     0  startup_stm32f10x_md.o(.text)
    DMA1_Channel7_IRQHandler                 0x0800011b   Thumb Code     0  startup_stm32f10x_md.o(.text)
    EXTI0_IRQHandler                         0x0800011b   Thumb Code     0  startup_stm32f10x_md.o(.text)
    EXTI15_10_IRQHandler                     0x0800011b   Thumb Code     0  startup_stm32f10x_md.o(.text)
    EXTI1_IRQHandler                         0x0800011b   Thumb Code     0  startup_stm32f10x_md.o(.text)
    EXTI2_IRQHandler                         0x0800011b   Thumb Code     0  startup_stm32f10x_md.o(.text)
    EXTI3_IRQHandler                         0x0800011b   Thumb Code     0  startup_stm32f10x_md.o(.text)
    EXTI4_IRQHandler                         0x0800011b   Thumb Code     0  startup_stm32f10x_md.o(.text)
    EXTI9_5_IRQHandler                       0x0800011b   Thumb Code     0  startup_stm32f10x_md.o(.text)
    FLASH_IRQHandler                         0x0800011b   Thumb Code     0  startup_stm32f10x_md.o(.text)
    I2C1_ER_IRQHandler                       0x0800011b   Thumb Code     0  startup_stm32f10x_md.o(.text)
    I2C1_EV_IRQHandler                       0x0800011b   Thumb Code     0  startup_stm32f10x_md.o(.text)
    I2C2_ER_IRQHandler                       0x0800011b   Thumb Code     0  startup_stm32f10x_md.o(.text)
    I2C2_EV_IRQHandler                       0x0800011b   Thumb Code     0  startup_stm32f10x_md.o(.text)
    PVD_IRQHandler                           0x0800011b   Thumb Code     0  startup_stm32f10x_md.o(.text)
    RCC_IRQHandler                           0x0800011b   Thumb Code     0  startup_stm32f10x_md.o(.text)
    RTCAlarm_IRQHandler                      0x0800011b   Thumb Code     0  startup_stm32f10x_md.o(.text)
    RTC_IRQHandler                           0x0800011b   Thumb Code     0  startup_stm32f10x_md.o(.text)
    SPI1_IRQHandler                          0x0800011b   Thumb Code     0  startup_stm32f10x_md.o(.text)
    SPI2_IRQHandler                          0x0800011b   Thumb Code     0  startup_stm32f10x_md.o(.text)
    TAMPER_IRQHandler                        0x0800011b   Thumb Code     0  startup_stm32f10x_md.o(.text)
    TIM1_BRK_IRQHandler                      0x0800011b   Thumb Code     0  startup_stm32f10x_md.o(.text)
    TIM1_CC_IRQHandler                       0x0800011b   Thumb Code     0  startup_stm32f10x_md.o(.text)
    TIM1_TRG_COM_IRQHandler                  0x0800011b   Thumb Code     0  startup_stm32f10x_md.o(.text)
    TIM1_UP_IRQHandler                       0x0800011b   Thumb Code     0  startup_stm32f10x_md.o(.text)
    TIM2_IRQHandler                          0x0800011b   Thumb Code     0  startup_stm32f10x_md.o(.text)
    TIM3_IRQHandler                          0x0800011b   Thumb Code     0  startup_stm32f10x_md.o(.text)
    TIM4_IRQHandler                          0x0800011b   Thumb Code     0  startup_stm32f10x_md.o(.text)
    USART1_IRQHandler                        0x0800011b   Thumb Code     0  startup_stm32f10x_md.o(.text)
    USART3_IRQHandler                        0x0800011b   Thumb Code     0  startup_stm32f10x_md.o(.text)
    USBWakeUp_IRQHandler                     0x0800011b   Thumb Code     0  startup_stm32f10x_md.o(.text)
    USB_HP_CAN1_TX_IRQHandler                0x0800011b   Thumb Code     0  startup_stm32f10x_md.o(.text)
    USB_LP_CAN1_RX0_IRQHandler               0x0800011b   Thumb Code     0  startup_stm32f10x_md.o(.text)
    WWDG_IRQHandler                          0x0800011b   Thumb Code     0  startup_stm32f10x_md.o(.text)
    strlen                                   0x08000125   Thumb Code    14  strlen.o(.text)
    __aeabi_uidiv                            0x08000133   Thumb Code     0  uidiv.o(.text)
    __aeabi_uidivmod                         0x08000133   Thumb Code    44  uidiv.o(.text)
    __scatterload                            0x08000161   Thumb Code    28  init.o(.text)
    __scatterload_rt2                        0x08000161   Thumb Code     0  init.o(.text)
    Backup_SYS_Password                      0x08000185   Thumb Code    56  main.o(i.Backup_SYS_Password)
    Backup_SYS_Phone                         0x080001ed   Thumb Code    76  main.o(i.Backup_SYS_Phone)
    Backup_SYS_Temp_Humi                     0x0800025d   Thumb Code    68  main.o(i.Backup_SYS_Temp_Humi)
    Backup_System                            0x080002f9   Thumb Code    30  main.o(i.Backup_System)
    BusFault_Handler                         0x0800031d   Thumb Code     4  stm32f10x_it.o(i.BusFault_Handler)
    Call_Process                             0x08000321   Thumb Code    64  main.o(i.Call_Process)
    Check_SMS_Phone_Number                   0x08000395   Thumb Code    86  main.o(i.Check_SMS_Phone_Number)
    DHT11_GPIO_Config                        0x08000401   Thumb Code    46  dht11.o(i.DHT11_GPIO_Config)
    DV_SIM_AT_Cmd                            0x08000475   Thumb Code   106  sim_m95_dv.o(i.DV_SIM_AT_Cmd)
    DV_SIM_AT_Sync                           0x080004f5   Thumb Code    32  sim_m95_dv.o(i.DV_SIM_AT_Sync)
    DV_SIM_Buff_Clear                        0x08000519   Thumb Code    30  sim_m95_dv.o(i.DV_SIM_Buff_Clear)
    DV_SIM_Check_Service                     0x08000545   Thumb Code   130  sim_m95_dv.o(i.DV_SIM_Check_Service)
    DV_SIM_GPIO_Init                         0x08000619   Thumb Code    40  sim_m95_dv.o(i.DV_SIM_GPIO_Init)
    DV_SIM_USART_Init                        0x08000645   Thumb Code   178  sim_m95_dv.o(i.DV_SIM_USART_Init)
    DV_SIM_printf                            0x08000701   Thumb Code    38  sim_m95_dv.o(i.DV_SIM_printf)
    DebugMon_Handler                         0x0800072d   Thumb Code     2  stm32f10x_it.o(i.DebugMon_Handler)
    FLASH_ErasePage                          0x08000731   Thumb Code    72  stm32f10x_flash.o(i.FLASH_ErasePage)
    FLASH_GetBank1Status                     0x0800077d   Thumb Code    48  stm32f10x_flash.o(i.FLASH_GetBank1Status)
    FLASH_LockBank1                          0x080007b1   Thumb Code    14  stm32f10x_flash.o(i.FLASH_LockBank1)
    FLASH_ProgramWord                        0x080007c5   Thumb Code   102  stm32f10x_flash.o(i.FLASH_ProgramWord)
    FLASH_UnlockBank1                        0x08000831   Thumb Code    12  stm32f10x_flash.o(i.FLASH_UnlockBank1)
    FLASH_WaitForLastOperation               0x08000849   Thumb Code    38  stm32f10x_flash.o(i.FLASH_WaitForLastOperation)
    GPIO_Board_Config                        0x08000871   Thumb Code   112  hardware_config.o(i.GPIO_Board_Config)
    GPIO_Init                                0x080008e9   Thumb Code   278  stm32f10x_gpio.o(i.GPIO_Init)
    GPIO_PinRemapConfig                      0x08000a01   Thumb Code   138  stm32f10x_gpio.o(i.GPIO_PinRemapConfig)
    GPIO_ReadInputDataBit                    0x08000a91   Thumb Code    18  stm32f10x_gpio.o(i.GPIO_ReadInputDataBit)
    GPIO_ReadOutputDataBit                   0x08000aa3   Thumb Code    18  stm32f10x_gpio.o(i.GPIO_ReadOutputDataBit)
    GPIO_ResetBits                           0x08000ab5   Thumb Code     4  stm32f10x_gpio.o(i.GPIO_ResetBits)
    GPIO_SetBits                             0x08000ab9   Thumb Code     4  stm32f10x_gpio.o(i.GPIO_SetBits)
    GPIO_WriteBit                            0x08000abd   Thumb Code    10  stm32f10x_gpio.o(i.GPIO_WriteBit)
    HardFault_Handler                        0x08000ac7   Thumb Code     4  stm32f10x_it.o(i.HardFault_Handler)
    LCD_Pin_Dir                              0x08000acb   Thumb Code    44  lcd_4bit.o(i.LCD_Pin_Dir)
    LCD_clear                                0x08000af9   Thumb Code    36  lcd_4bit.o(i.LCD_clear)
    LCD_command                              0x08000b21   Thumb Code    38  lcd_4bit.o(i.LCD_command)
    LCD_delay                                0x08000b4d   Thumb Code    22  lcd_4bit.o(i.LCD_delay)
    LCD_gotoxy                               0x08000b63   Thumb Code    62  lcd_4bit.o(i.LCD_gotoxy)
    LCD_init                                 0x08000ba1   Thumb Code   238  lcd_4bit.o(i.LCD_init)
    LCD_putc                                 0x08000c95   Thumb Code    50  lcd_4bit.o(i.LCD_putc)
    LCD_puts                                 0x08000ccd   Thumb Code    22  lcd_4bit.o(i.LCD_puts)
    LCD_wait_busy                            0x08000ce5   Thumb Code   104  lcd_4bit.o(i.LCD_wait_busy)
    MemManage_Handler                        0x08000d51   Thumb Code     4  stm32f10x_it.o(i.MemManage_Handler)
    NMI_Handler                              0x08000d55   Thumb Code     2  stm32f10x_it.o(i.NMI_Handler)
    NVIC_Init                                0x08000d59   Thumb Code   100  misc.o(i.NVIC_Init)
    NVIC_PriorityGroupConfig                 0x08000dc9   Thumb Code    10  misc.o(i.NVIC_PriorityGroupConfig)
    OneWireDir                               0x08000ddd   Thumb Code    44  ds18b20.o(i.OneWireDir)
    OneWireRCCInit                           0x08000e0d   Thumb Code    18  ds18b20.o(i.OneWireRCCInit)
    PendSV_Handler                           0x08000e1f   Thumb Code     2  stm32f10x_it.o(i.PendSV_Handler)
    Process_Sensor_State                     0x08000e21   Thumb Code   414  main.o(i.Process_Sensor_State)
    RCC_APB1PeriphClockCmd                   0x0800103d   Thumb Code    26  stm32f10x_rcc.o(i.RCC_APB1PeriphClockCmd)
    RCC_APB2PeriphClockCmd                   0x0800105d   Thumb Code    26  stm32f10x_rcc.o(i.RCC_APB2PeriphClockCmd)
    RCC_GetClocksFreq                        0x0800107d   Thumb Code   192  stm32f10x_rcc.o(i.RCC_GetClocksFreq)
    Read_DHT11                               0x080011c9   Thumb Code   178  dht11.o(i.Read_DHT11)
    Relay_GetState                           0x08001281   Thumb Code    50  hardware_config.o(i.Relay_GetState)
    Relay_SetState                           0x080012b9   Thumb Code    48  hardware_config.o(i.Relay_SetState)
    Restore_SYS_Password                     0x080012ed   Thumb Code    80  main.o(i.Restore_SYS_Password)
    Restore_SYS_Phone                        0x0800138d   Thumb Code    96  main.o(i.Restore_SYS_Phone)
    Restore_SYS_Temp_Humi                    0x0800143d   Thumb Code    72  main.o(i.Restore_SYS_Temp_Humi)
    SIM_M95_Init                             0x08001505   Thumb Code   222  sim_m95_app.o(i.SIM_M95_Init)
    SIM_Send_SMS                             0x0800164d   Thumb Code   140  sim_m95_app.o(i.SIM_Send_SMS)
    SMS_Process                              0x08001719   Thumb Code   748  main.o(i.SMS_Process)
    SVC_Handler                              0x08001c5d   Thumb Code     2  stm32f10x_it.o(i.SVC_Handler)
    SYS_Buff_Clear                           0x08001c61   Thumb Code    20  main.o(i.SYS_Buff_Clear)
    Sys_Delay_Init                           0x08001d61   Thumb Code    56  systick_delay.o(i.Sys_Delay_Init)
    Sys_Delay_ms                             0x08001da1   Thumb Code    56  systick_delay.o(i.Sys_Delay_ms)
    Sys_Delay_us                             0x08001ddd   Thumb Code    56  systick_delay.o(i.Sys_Delay_us)
    SystemInit                               0x08001e19   Thumb Code    78  system_stm32f10x.o(i.SystemInit)
    USART1_Debug_Config                      0x08001e79   Thumb Code   184  hardware_config.o(i.USART1_Debug_Config)
    USART2_IRQHandler                        0x08001f39   Thumb Code   118  sim_m95_dv.o(i.USART2_IRQHandler)
    USART_ClearFlag                          0x08001fc9   Thumb Code    18  stm32f10x_usart.o(i.USART_ClearFlag)
    USART_Cmd                                0x08001fdb   Thumb Code    24  stm32f10x_usart.o(i.USART_Cmd)
    USART_GetFlagStatus                      0x08001ff3   Thumb Code    26  stm32f10x_usart.o(i.USART_GetFlagStatus)
    USART_GetITStatus                        0x0800200d   Thumb Code    84  stm32f10x_usart.o(i.USART_GetITStatus)
    USART_ITConfig                           0x08002061   Thumb Code    74  stm32f10x_usart.o(i.USART_ITConfig)
    USART_Init                               0x080020ad   Thumb Code   210  stm32f10x_usart.o(i.USART_Init)
    USART_ReceiveData                        0x08002185   Thumb Code    10  stm32f10x_usart.o(i.USART_ReceiveData)
    USART_SendData                           0x0800218f   Thumb Code     8  stm32f10x_usart.o(i.USART_SendData)
    Update_LCD                               0x08002199   Thumb Code   140  main.o(i.Update_LCD)
    UsageFault_Handler                       0x0800226d   Thumb Code     4  stm32f10x_it.o(i.UsageFault_Handler)
    __0printf$3                              0x08002271   Thumb Code    22  printf3.o(i.__0printf$3)
    __1printf$3                              0x08002271   Thumb Code     0  printf3.o(i.__0printf$3)
    __2printf                                0x08002271   Thumb Code     0  printf3.o(i.__0printf$3)
    __0sprintf$3                             0x08002291   Thumb Code    34  printf3.o(i.__0sprintf$3)
    __1sprintf$3                             0x08002291   Thumb Code     0  printf3.o(i.__0sprintf$3)
    __2sprintf                               0x08002291   Thumb Code     0  printf3.o(i.__0sprintf$3)
    __scatterload_copy                       0x080022b9   Thumb Code    14  handlers.o(i.__scatterload_copy)
    __scatterload_null                       0x080022c7   Thumb Code     2  handlers.o(i.__scatterload_null)
    __scatterload_zeroinit                   0x080022c9   Thumb Code    14  handlers.o(i.__scatterload_zeroinit)
    delay_ms                                 0x0800249b   Thumb Code    22  delay.o(i.delay_ms)
    fputc                                    0x080024b1   Thumb Code    32  usart_config.o(i.fputc)
    main                                     0x080024d5   Thumb Code   208  main.o(i.main)
    str_find_first_location                  0x08002635   Thumb Code    94  sim_m95_dv.o(i.str_find_first_location)
    str_find_last_location                   0x08002693   Thumb Code    94  sim_m95_dv.o(i.str_find_last_location)
    str_to_int                               0x080026f1   Thumb Code   152  main.o(i.str_to_int)
    write_data                               0x08002789   Thumb Code   202  lcd_4bit.o(i.write_data)
    SYS_Password_default                     0x08002858   Data           6  main.o(.constdata)
    Region$$Table$$Base                      0x08002aac   Number         0  anon$$obj.o(Region$$Table)
    Region$$Table$$Limit                     0x08002acc   Number         0  anon$$obj.o(Region$$Table)
    SYS_Password                             0x20000000   Data           6  main.o(.data)
    SYS_Phonenum                             0x20000006   Data          13  main.o(.data)
    SYS_Temperature                          0x20000013   Data           1  main.o(.data)
    SYS_Humidity                             0x20000014   Data           1  main.o(.data)
    SYS_Report                               0x20000015   Data           1  main.o(.data)
    SYS_SMS_Status                           0x20000016   Data           2  main.o(.data)
    DHT11_Data                               0x20000018   Data           5  main.o(.data)
    SIM_buff_count                           0x2000003e   Data           2  sim_m95_dv.o(.data)
    SIM_Rx_Complete                          0x20000040   Data           1  sim_m95_dv.o(.data)
    SIM_Rx_data                              0x20000041   Data           1  sim_m95_dv.o(.data)
    __stdout                                 0x20000048   Data           4  stdout.o(.data)
    SYS_Buff                                 0x2000004c   Data         100  main.o(.bss)
    GSM_Control                              0x200000b0   Data          22  main.o(.bss)
    SIM_Data_Buff                            0x200000c6   Data         200  sim_m95_dv.o(.bss)
    __initial_sp                             0x20000590   Data           0  startup_stm32f10x_md.o(STACK)



==============================================================================

Memory Map of the image

  Image Entry point : 0x080000ed

  Load Region LR_IROM1 (Base: 0x08000000, Size: 0x00002b18, Max: 0x00010000, ABSOLUTE)

    Execution Region ER_IROM1 (Base: 0x08000000, Size: 0x00002acc, Max: 0x00010000, ABSOLUTE)

    Base Addr    Size         Type   Attr      Idx    E Section Name        Object

    0x08000000   0x000000ec   Data   RO         3788    RESET               startup_stm32f10x_md.o
    0x080000ec   0x00000000   Code   RO         3793  * .ARM.Collect$$$$00000000  mc_w.l(entry.o)
    0x080000ec   0x00000004   Code   RO         4059    .ARM.Collect$$$$00000001  mc_w.l(entry2.o)
    0x080000f0   0x00000004   Code   RO         4062    .ARM.Collect$$$$00000004  mc_w.l(entry5.o)
    0x080000f4   0x00000000   Code   RO         4064    .ARM.Collect$$$$00000008  mc_w.l(entry7b.o)
    0x080000f4   0x00000000   Code   RO         4066    .ARM.Collect$$$$0000000A  mc_w.l(entry8b.o)
    0x080000f4   0x00000008   Code   RO         4067    .ARM.Collect$$$$0000000B  mc_w.l(entry9a.o)
    0x080000fc   0x00000000   Code   RO         4069    .ARM.Collect$$$$0000000D  mc_w.l(entry10a.o)
    0x080000fc   0x00000000   Code   RO         4071    .ARM.Collect$$$$0000000F  mc_w.l(entry11a.o)
    0x080000fc   0x00000004   Code   RO         4060    .ARM.Collect$$$$00002712  mc_w.l(entry2.o)
    0x08000100   0x00000024   Code   RO         3789    .text               startup_stm32f10x_md.o
    0x08000124   0x0000000e   Code   RO         3796    .text               mc_w.l(strlen.o)
    0x08000132   0x0000002c   Code   RO         4074    .text               mc_w.l(uidiv.o)
    0x0800015e   0x00000002   PAD
    0x08000160   0x00000024   Code   RO         4089    .text               mc_w.l(init.o)
    0x08000184   0x00000068   Code   RO          162    i.Backup_SYS_Password  main.o
    0x080001ec   0x00000070   Code   RO          163    i.Backup_SYS_Phone  main.o
    0x0800025c   0x0000009c   Code   RO          164    i.Backup_SYS_Temp_Humi  main.o
    0x080002f8   0x00000024   Code   RO          165    i.Backup_System     main.o
    0x0800031c   0x00000004   Code   RO            1    i.BusFault_Handler  stm32f10x_it.o
    0x08000320   0x00000074   Code   RO          166    i.Call_Process      main.o
    0x08000394   0x0000006c   Code   RO          167    i.Check_SMS_Phone_Number  main.o
    0x08000400   0x00000034   Code   RO         3530    i.DHT11_GPIO_Config  dht11.o
    0x08000434   0x0000001c   Code   RO         3531    i.DHT11_Mode_IPU    dht11.o
    0x08000450   0x00000024   Code   RO         3532    i.DHT11_Mode_Out_PP  dht11.o
    0x08000474   0x00000080   Code   RO         3606    i.DV_SIM_AT_Cmd     sim_m95_dv.o
    0x080004f4   0x00000024   Code   RO         3607    i.DV_SIM_AT_Sync    sim_m95_dv.o
    0x08000518   0x0000002c   Code   RO         3608    i.DV_SIM_Buff_Clear  sim_m95_dv.o
    0x08000544   0x000000d4   Code   RO         3609    i.DV_SIM_Check_Service  sim_m95_dv.o
    0x08000618   0x0000002c   Code   RO         3610    i.DV_SIM_GPIO_Init  sim_m95_dv.o
    0x08000644   0x000000bc   Code   RO         3613    i.DV_SIM_USART_Init  sim_m95_dv.o
    0x08000700   0x0000002c   Code   RO         3614    i.DV_SIM_printf     sim_m95_dv.o
    0x0800072c   0x00000002   Code   RO            2    i.DebugMon_Handler  stm32f10x_it.o
    0x0800072e   0x00000002   PAD
    0x08000730   0x0000004c   Code   RO         1560    i.FLASH_ErasePage   stm32f10x_flash.o
    0x0800077c   0x00000034   Code   RO         1561    i.FLASH_GetBank1Status  stm32f10x_flash.o
    0x080007b0   0x00000014   Code   RO         1571    i.FLASH_LockBank1   stm32f10x_flash.o
    0x080007c4   0x0000006c   Code   RO         1575    i.FLASH_ProgramWord  stm32f10x_flash.o
    0x08000830   0x00000018   Code   RO         1579    i.FLASH_UnlockBank1  stm32f10x_flash.o
    0x08000848   0x00000026   Code   RO         1582    i.FLASH_WaitForLastOperation  stm32f10x_flash.o
    0x0800086e   0x00000002   PAD
    0x08000870   0x00000078   Code   RO           89    i.GPIO_Board_Config  hardware_config.o
    0x080008e8   0x00000116   Code   RO          405    i.GPIO_Init         stm32f10x_gpio.o
    0x080009fe   0x00000002   PAD
    0x08000a00   0x00000090   Code   RO          407    i.GPIO_PinRemapConfig  stm32f10x_gpio.o
    0x08000a90   0x00000012   Code   RO          409    i.GPIO_ReadInputDataBit  stm32f10x_gpio.o
    0x08000aa2   0x00000012   Code   RO          411    i.GPIO_ReadOutputDataBit  stm32f10x_gpio.o
    0x08000ab4   0x00000004   Code   RO          412    i.GPIO_ResetBits    stm32f10x_gpio.o
    0x08000ab8   0x00000004   Code   RO          413    i.GPIO_SetBits      stm32f10x_gpio.o
    0x08000abc   0x0000000a   Code   RO          416    i.GPIO_WriteBit     stm32f10x_gpio.o
    0x08000ac6   0x00000004   Code   RO            3    i.HardFault_Handler  stm32f10x_it.o
    0x08000aca   0x0000002c   Code   RO         3384    i.LCD_Pin_Dir       lcd_4bit.o
    0x08000af6   0x00000002   PAD
    0x08000af8   0x00000028   Code   RO         3385    i.LCD_clear         lcd_4bit.o
    0x08000b20   0x0000002c   Code   RO         3386    i.LCD_command       lcd_4bit.o
    0x08000b4c   0x00000016   Code   RO         3388    i.LCD_delay         lcd_4bit.o
    0x08000b62   0x0000003e   Code   RO         3389    i.LCD_gotoxy        lcd_4bit.o
    0x08000ba0   0x000000f4   Code   RO         3390    i.LCD_init          lcd_4bit.o
    0x08000c94   0x00000038   Code   RO         3391    i.LCD_putc          lcd_4bit.o
    0x08000ccc   0x00000016   Code   RO         3392    i.LCD_puts          lcd_4bit.o
    0x08000ce2   0x00000002   PAD
    0x08000ce4   0x0000006c   Code   RO         3393    i.LCD_wait_busy     lcd_4bit.o
    0x08000d50   0x00000004   Code   RO            4    i.MemManage_Handler  stm32f10x_it.o
    0x08000d54   0x00000002   Code   RO            5    i.NMI_Handler       stm32f10x_it.o
    0x08000d56   0x00000002   PAD
    0x08000d58   0x00000070   Code   RO          363    i.NVIC_Init         misc.o
    0x08000dc8   0x00000014   Code   RO          364    i.NVIC_PriorityGroupConfig  misc.o
    0x08000ddc   0x00000030   Code   RO         3739    i.OneWireDir        ds18b20.o
    0x08000e0c   0x00000012   Code   RO         3740    i.OneWireRCCInit    ds18b20.o
    0x08000e1e   0x00000002   Code   RO            6    i.PendSV_Handler    stm32f10x_it.o
    0x08000e20   0x0000021c   Code   RO          168    i.Process_Sensor_State  main.o
    0x0800103c   0x00000020   Code   RO          515    i.RCC_APB1PeriphClockCmd  stm32f10x_rcc.o
    0x0800105c   0x00000020   Code   RO          517    i.RCC_APB2PeriphClockCmd  stm32f10x_rcc.o
    0x0800107c   0x000000d4   Code   RO          525    i.RCC_GetClocksFreq  stm32f10x_rcc.o
    0x08001150   0x00000078   Code   RO         3533    i.Read_Byte         dht11.o
    0x080011c8   0x000000b8   Code   RO         3534    i.Read_DHT11        dht11.o
    0x08001280   0x00000038   Code   RO           90    i.Relay_GetState    hardware_config.o
    0x080012b8   0x00000034   Code   RO           91    i.Relay_SetState    hardware_config.o
    0x080012ec   0x000000a0   Code   RO          169    i.Restore_SYS_Password  main.o
    0x0800138c   0x000000b0   Code   RO          170    i.Restore_SYS_Phone  main.o
    0x0800143c   0x000000c8   Code   RO          171    i.Restore_SYS_Temp_Humi  main.o
    0x08001504   0x00000148   Code   RO         3567    i.SIM_M95_Init      sim_m95_app.o
    0x0800164c   0x000000cc   Code   RO         3568    i.SIM_Send_SMS      sim_m95_app.o
    0x08001718   0x00000544   Code   RO          172    i.SMS_Process       main.o
    0x08001c5c   0x00000002   Code   RO            7    i.SVC_Handler       stm32f10x_it.o
    0x08001c5e   0x00000002   PAD
    0x08001c60   0x00000018   Code   RO          173    i.SYS_Buff_Clear    main.o
    0x08001c78   0x00000008   Code   RO          329    i.SetSysClock       system_stm32f10x.o
    0x08001c80   0x000000e0   Code   RO          330    i.SetSysClockTo72   system_stm32f10x.o
    0x08001d60   0x00000040   Code   RO         3709    i.Sys_Delay_Init    systick_delay.o
    0x08001da0   0x0000003c   Code   RO         3710    i.Sys_Delay_ms      systick_delay.o
    0x08001ddc   0x0000003c   Code   RO         3711    i.Sys_Delay_us      systick_delay.o
    0x08001e18   0x00000060   Code   RO          332    i.SystemInit        system_stm32f10x.o
    0x08001e78   0x000000c0   Code   RO           92    i.USART1_Debug_Config  hardware_config.o
    0x08001f38   0x00000090   Code   RO         3615    i.USART2_IRQHandler  sim_m95_dv.o
    0x08001fc8   0x00000012   Code   RO         3147    i.USART_ClearFlag   stm32f10x_usart.o
    0x08001fda   0x00000018   Code   RO         3151    i.USART_Cmd         stm32f10x_usart.o
    0x08001ff2   0x0000001a   Code   RO         3154    i.USART_GetFlagStatus  stm32f10x_usart.o
    0x0800200c   0x00000054   Code   RO         3155    i.USART_GetITStatus  stm32f10x_usart.o
    0x08002060   0x0000004a   Code   RO         3157    i.USART_ITConfig    stm32f10x_usart.o
    0x080020aa   0x00000002   PAD
    0x080020ac   0x000000d8   Code   RO         3158    i.USART_Init        stm32f10x_usart.o
    0x08002184   0x0000000a   Code   RO         3165    i.USART_ReceiveData  stm32f10x_usart.o
    0x0800218e   0x00000008   Code   RO         3168    i.USART_SendData    stm32f10x_usart.o
    0x08002196   0x00000002   PAD
    0x08002198   0x000000d4   Code   RO          174    i.Update_LCD        main.o
    0x0800226c   0x00000004   Code   RO            8    i.UsageFault_Handler  stm32f10x_it.o
    0x08002270   0x00000020   Code   RO         3887    i.__0printf$3       mc_w.l(printf3.o)
    0x08002290   0x00000028   Code   RO         3889    i.__0sprintf$3      mc_w.l(printf3.o)
    0x080022b8   0x0000000e   Code   RO         4101    i.__scatterload_copy  mc_w.l(handlers.o)
    0x080022c6   0x00000002   Code   RO         4102    i.__scatterload_null  mc_w.l(handlers.o)
    0x080022c8   0x0000000e   Code   RO         4103    i.__scatterload_zeroinit  mc_w.l(handlers.o)
    0x080022d6   0x00000002   PAD
    0x080022d8   0x000001b8   Code   RO         3894    i._printf_core      mc_w.l(printf3.o)
    0x08002490   0x0000000a   Code   RO         3896    i._sputc            mc_w.l(printf3.o)
    0x0800249a   0x00000016   Code   RO         3688    i.delay_ms          delay.o
    0x080024b0   0x00000024   Code   RO         3478    i.fputc             usart_config.o
    0x080024d4   0x00000160   Code   RO          175    i.main              main.o
    0x08002634   0x0000005e   Code   RO         3616    i.str_find_first_location  sim_m95_dv.o
    0x08002692   0x0000005e   Code   RO         3617    i.str_find_last_location  sim_m95_dv.o
    0x080026f0   0x00000098   Code   RO          176    i.str_to_int        main.o
    0x08002788   0x000000d0   Code   RO         3395    i.write_data        lcd_4bit.o
    0x08002858   0x00000006   Data   RO          178    .constdata          main.o
    0x0800285e   0x00000002   PAD
    0x08002860   0x00000249   Data   RO          179    .conststring        main.o
    0x08002aa9   0x00000003   PAD
    0x08002aac   0x00000020   Data   RO         4099    Region$$Table       anon$$obj.o


    Execution Region RW_IRAM1 (Base: 0x20000000, Size: 0x00000590, Max: 0x00005000, ABSOLUTE)

    Base Addr    Size         Type   Attr      Idx    E Section Name        Object

    0x20000000   0x00000029   Data   RW          180    .data               main.o
    0x20000029   0x00000014   Data   RW          545    .data               stm32f10x_rcc.o
    0x2000003d   0x00000001   PAD
    0x2000003e   0x00000004   Data   RW         3619    .data               sim_m95_dv.o
    0x20000042   0x00000004   Data   RW         3712    .data               systick_delay.o
    0x20000046   0x00000002   PAD
    0x20000048   0x00000004   Data   RW         4073    .data               mc_w.l(stdout.o)
    0x2000004c   0x0000007a   Zero   RW          177    .bss                main.o
    0x200000c6   0x000000c8   Zero   RW         3618    .bss                sim_m95_dv.o
    0x2000018e   0x00000002   PAD
    0x20000190   0x00000400   Zero   RW         3786    STACK               startup_stm32f10x_md.o


==============================================================================

Image component sizes


      Code (inc. data)   RO Data    RW Data    ZI Data      Debug   Object Name

         0          0          0          0          0         32   core_cm3.o
        22          0          0          0          0        483   delay.o
       420         28          0          0          0       3837   dht11.o
        66          4          0          0          0       1966   ds18b20.o
       420         26          0          0          0       8472   hardware_config.o
       850         32          0          0          0       8419   lcd_4bit.o
      3796       1486        591         41        122     213314   main.o
       132         22          0          0          0       1659   misc.o
       532        170          0          0          0       1482   sim_m95_app.o
      1028        168          0          4        200       7237   sim_m95_dv.o
        36          8        236          0       1024        896   startup_stm32f10x_md.o
       318         32          0          0          0       5104   stm32f10x_flash.o
       476          6          0          0          0       5963   stm32f10x_gpio.o
        24          0          0          0          0     235160   stm32f10x_it.o
       276         32          0         20          0       4610   stm32f10x_rcc.o
       460          6          0          0          0       7015   stm32f10x_usart.o
       328         28          0          0          0       2225   system_stm32f10x.o
       184         16          0          4          0       1847   systick_delay.o
        36          4          0          0          0       1792   usart_config.o

    ----------------------------------------------------------------------
      9422       2068        864         72       1348     511513   Object Totals
         0          0         32          0          0          0   (incl. Generated)
        18          0          5          3          2          0   (incl. Padding)

    ----------------------------------------------------------------------

      Code (inc. data)   RO Data    RW Data    ZI Data      Debug   Library Member Name

         0          0          0          0          0          0   entry.o
         0          0          0          0          0          0   entry10a.o
         0          0          0          0          0          0   entry11a.o
         8          4          0          0          0          0   entry2.o
         4          0          0          0          0          0   entry5.o
         0          0          0          0          0          0   entry7b.o
         0          0          0          0          0          0   entry8b.o
         8          4          0          0          0          0   entry9a.o
        30          0          0          0          0          0   handlers.o
        36          8          0          0          0         68   init.o
       522         20          0          0          0        336   printf3.o
         0          0          0          4          0          0   stdout.o
        14          0          0          0          0         68   strlen.o
        44          0          0          0          0         80   uidiv.o

    ----------------------------------------------------------------------
       670         36          0          4          0        552   Library Totals
         4          0          0          0          0          0   (incl. Padding)

    ----------------------------------------------------------------------

      Code (inc. data)   RO Data    RW Data    ZI Data      Debug   Library Name

       666         36          0          4          0        552   mc_w.l

    ----------------------------------------------------------------------
       670         36          0          4          0        552   Library Totals

    ----------------------------------------------------------------------

==============================================================================


      Code (inc. data)   RO Data    RW Data    ZI Data      Debug   

     10092       2104        864         76       1348     507537   Grand Totals
     10092       2104        864         76       1348     507537   ELF Image Totals
     10092       2104        864         76          0          0   ROM Totals

==============================================================================

    Total RO  Size (Code + RO Data)                10956 (  10.70kB)
    Total RW  Size (RW Data + ZI Data)              1424 (   1.39kB)
    Total ROM Size (Code + RO Data + RW Data)      11032 (  10.77kB)

==============================================================================

